Component: Arm Compiler for Embedded 6.18 Tool: armlink [5e4cc100]

==============================================================================

Section Cross References

    gd32f10x_it.o(.ARM.exidx.text.NMI_Handler) refers to gd32f10x_it.o(.text.NMI_Handler) for [Anonymous Symbol]
    gd32f10x_it.o(.ARM.exidx.text.HardFault_Handler) refers to gd32f10x_it.o(.text.HardFault_Handler) for [Anonymous Symbol]
    gd32f10x_it.o(.ARM.exidx.text.MemManage_Handler) refers to gd32f10x_it.o(.text.MemManage_Handler) for [Anonymous Symbol]
    gd32f10x_it.o(.ARM.exidx.text.BusFault_Handler) refers to gd32f10x_it.o(.text.BusFault_Handler) for [Anonymous Symbol]
    gd32f10x_it.o(.ARM.exidx.text.UsageFault_Handler) refers to gd32f10x_it.o(.text.UsageFault_Handler) for [Anonymous Symbol]
    gd32f10x_it.o(.ARM.exidx.text.SVC_Handler) refers to gd32f10x_it.o(.text.SVC_Handler) for [Anonymous Symbol]
    gd32f10x_it.o(.ARM.exidx.text.DebugMon_Handler) refers to gd32f10x_it.o(.text.DebugMon_Handler) for [Anonymous Symbol]
    gd32f10x_it.o(.ARM.exidx.text.PendSV_Handler) refers to gd32f10x_it.o(.text.PendSV_Handler) for [Anonymous Symbol]
    gd32f10x_it.o(.text.USBD_LP_CAN0_RX0_IRQHandler) refers to usbd_lld_int.o(.text.usbd_isr) for usbd_isr
    gd32f10x_it.o(.ARM.exidx.text.USBD_LP_CAN0_RX0_IRQHandler) refers to gd32f10x_it.o(.text.USBD_LP_CAN0_RX0_IRQHandler) for [Anonymous Symbol]
    main.o(.ARM.exidx.text.fputc) refers to main.o(.text.fputc) for [Anonymous Symbol]
    main.o(.text.buzzer_init) refers to gd32f10x_rcu.o(.text.rcu_periph_clock_enable) for rcu_periph_clock_enable
    main.o(.text.buzzer_init) refers to gd32f10x_gpio.o(.text.gpio_init) for gpio_init
    main.o(.ARM.exidx.text.buzzer_init) refers to main.o(.text.buzzer_init) for [Anonymous Symbol]
    main.o(.text.buzzer_ON_for) refers to systick.o(.text.delay_1ms) for delay_1ms
    main.o(.ARM.exidx.text.buzzer_ON_for) refers to main.o(.text.buzzer_ON_for) for [Anonymous Symbol]
    main.o(.text.leds_init) refers to gd32f10x_rcu.o(.text.rcu_periph_clock_enable) for rcu_periph_clock_enable
    main.o(.text.leds_init) refers to gd32f10x_gpio.o(.text.gpio_init) for gpio_init
    main.o(.ARM.exidx.text.leds_init) refers to main.o(.text.leds_init) for [Anonymous Symbol]
    main.o(.text.led_BLUE_ON_for) refers to systick.o(.text.delay_1ms) for delay_1ms
    main.o(.ARM.exidx.text.led_BLUE_ON_for) refers to main.o(.text.led_BLUE_ON_for) for [Anonymous Symbol]
    main.o(.text.led_GREEN_ON_for) refers to systick.o(.text.delay_1ms) for delay_1ms
    main.o(.ARM.exidx.text.led_GREEN_ON_for) refers to main.o(.text.led_GREEN_ON_for) for [Anonymous Symbol]
    main.o(.ARM.exidx.text.log_to_vcom) refers to main.o(.text.log_to_vcom) for [Anonymous Symbol]
    main.o(.text.init_rounites) refers to gd32f10x_rcu.o(.text.rcu_periph_clock_enable) for rcu_periph_clock_enable
    main.o(.text.init_rounites) refers to gd32f10x_gpio.o(.text.gpio_init) for gpio_init
    main.o(.text.init_rounites) refers to at24cxx.o(.text.eeprom_init) for eeprom_init
    main.o(.text.init_rounites) refers to keyboard.o(.text.Keyboard_init) for Keyboard_init
    main.o(.text.init_rounites) refers to fm1702.o(.text.drv_fm1702Init) for drv_fm1702Init
    main.o(.text.init_rounites) refers to systick.o(.text.delay_1ms) for delay_1ms
    main.o(.text.init_rounites) refers to lcd.o(.text.LCD_init) for LCD_init
    main.o(.ARM.exidx.text.init_rounites) refers to main.o(.text.init_rounites) for [Anonymous Symbol]
    main.o(.text.main) refers to systick.o(.text.systick_config) for systick_config
    main.o(.text.main) refers to main.o(.text.init_rounites) for init_rounites
    main.o(.text.main) refers to systick.o(.text.delay_1ms) for delay_1ms
    main.o(.text.main) refers to lcd.o(.text.LCD_Write_Rows) for LCD_Write_Rows
    main.o(.ARM.exidx.text.main) refers to main.o(.text.main) for [Anonymous Symbol]
    main.o(.text.change_menu) refers to main.o(.rodata.str1.1) for .L.str.2
    main.o(.text.change_menu) refers to printf1.o(i.__0printf$1) for __2printf
    main.o(.ARM.exidx.text.change_menu) refers to main.o(.text.change_menu) for [Anonymous Symbol]
    main.o(.text.value_selected) refers to main.o(.rodata.str1.1) for .L.str.3
    main.o(.text.value_selected) refers to printf1.o(i.__0printf$1) for __2printf
    main.o(.ARM.exidx.text.value_selected) refers to main.o(.text.value_selected) for [Anonymous Symbol]
    main.o(.text.OK_button_pressed) refers to main.o(.rodata.str1.1) for .Lstr
    main.o(.text.OK_button_pressed) refers to puts.o(i.puts) for puts
    main.o(.ARM.exidx.text.OK_button_pressed) refers to main.o(.text.OK_button_pressed) for [Anonymous Symbol]
    main.o(.text.CLR_button_pressed) refers to main.o(.rodata.str1.1) for .Lstr.6
    main.o(.text.CLR_button_pressed) refers to puts.o(i.puts) for puts
    main.o(.ARM.exidx.text.CLR_button_pressed) refers to main.o(.text.CLR_button_pressed) for [Anonymous Symbol]
[...]
    Removing gd32f10x_sdio.o(.ARM.exidx.text.sdio_command_response_config), (8 bytes).
    Removing gd32f10x_sdio.o(.text.sdio_wait_type_set), (24 bytes).
    Removing gd32f10x_sdio.o(.ARM.exidx.text.sdio_wait_type_set), (8 bytes).
    Removing gd32f10x_sdio.o(.text.sdio_csm_enable), (18 bytes).
    Removing gd32f10x_sdio.o(.ARM.exidx.text.sdio_csm_enable), (8 bytes).
    Removing gd32f10x_sdio.o(.text.sdio_csm_disable), (18 bytes).
    Removing gd32f10x_sdio.o(.ARM.exidx.text.sdio_csm_disable), (8 bytes).
    Removing gd32f10x_sdio.o(.text.sdio_command_index_get), (14 bytes).
    Removing gd32f10x_sdio.o(.ARM.exidx.text.sdio_command_index_get), (8 bytes).
    Removing gd32f10x_sdio.o(.text.sdio_response_get), (64 bytes).
    Removing gd32f10x_sdio.o(.ARM.exidx.text.sdio_response_get), (8 bytes).
    Removing gd32f10x_sdio.o(.text.sdio_data_config), (62 bytes).
    Removing gd32f10x_sdio.o(.ARM.exidx.text.sdio_data_config), (8 bytes).
    Removing gd32f10x_sdio.o(.text.sdio_data_transfer_config), (22 bytes).
    Removing gd32f10x_sdio.o(.ARM.exidx.text.sdio_data_transfer_config), (8 bytes).
    Removing gd32f10x_sdio.o(.text.sdio_dsm_enable), (18 bytes).
    Removing gd32f10x_sdio.o(.ARM.exidx.text.sdio_dsm_enable), (8 bytes).
    Removing gd32f10x_sdio.o(.text.sdio_dsm_disable), (18 bytes).
    Removing gd32f10x_sdio.o(.ARM.exidx.text.sdio_dsm_disable), (8 bytes).
    Removing gd32f10x_sdio.o(.text.sdio_data_write), (12 bytes).
    Removing gd32f10x_sdio.o(.ARM.exidx.text.sdio_data_write), (8 bytes).
    Removing gd32f10x_sdio.o(.text.sdio_data_read), (12 bytes).
    Removing gd32f10x_sdio.o(.ARM.exidx.text.sdio_data_read), (8 bytes).
    Removing gd32f10x_sdio.o(.text.sdio_data_counter_get), (12 bytes).
    Removing gd32f10x_sdio.o(.ARM.exidx.text.sdio_data_counter_get), (8 bytes).
    Removing gd32f10x_sdio.o(.text.sdio_fifo_counter_get), (12 bytes).
    Removing gd32f10x_sdio.o(.ARM.exidx.text.sdio_fifo_counter_get), (8 bytes).
    Removing gd32f10x_sdio.o(.text.sdio_dma_enable), (18 bytes).
    Removing gd32f10x_sdio.o(.ARM.exidx.text.sdio_dma_enable), (8 bytes).
    Removing gd32f10x_sdio.o(.text.sdio_dma_disable), (18 bytes).
    Removing gd32f10x_sdio.o(.ARM.exidx.text.sdio_dma_disable), (8 bytes).
    Removing gd32f10x_sdio.o(.text.sdio_flag_get), (18 bytes).
    Removing gd32f10x_sdio.o(.ARM.exidx.text.sdio_flag_get), (8 bytes).
    Removing gd32f10x_sdio.o(.text.sdio_flag_clear), (12 bytes).
    Removing gd32f10x_sdio.o(.ARM.exidx.text.sdio_flag_clear), (8 bytes).
    Removing gd32f10x_sdio.o(.text.sdio_interrupt_enable), (16 bytes).
    Removing gd32f10x_sdio.o(.ARM.exidx.text.sdio_interrupt_enable), (8 bytes).
    Removing gd32f10x_sdio.o(.text.sdio_interrupt_disable), (18 bytes).
    Removing gd32f10x_sdio.o(.ARM.exidx.text.sdio_interrupt_disable), (8 bytes).
    Removing gd32f10x_sdio.o(.text.sdio_interrupt_flag_get), (18 bytes).
    Removing gd32f10x_sdio.o(.ARM.exidx.text.sdio_interrupt_flag_get), (8 bytes).
    Removing gd32f10x_sdio.o(.text.sdio_interrupt_flag_clear), (12 bytes).
    Removing gd32f10x_sdio.o(.ARM.exidx.text.sdio_interrupt_flag_clear), (8 bytes).
    Removing gd32f10x_sdio.o(.text.sdio_readwait_enable), (18 bytes).
    Removing gd32f10x_sdio.o(.ARM.exidx.text.sdio_readwait_enable), (8 bytes).
    Removing gd32f10x_sdio.o(.text.sdio_readwait_disable), (18 bytes).
    Removing gd32f10x_sdio.o(.ARM.exidx.text.sdio_readwait_disable), (8 bytes).
    Removing gd32f10x_sdio.o(.text.sdio_stop_readwait_enable), (18 bytes).
    Removing gd32f10x_sdio.o(.ARM.exidx.text.sdio_stop_readwait_enable), (8 bytes).
    Removing gd32f10x_sdio.o(.text.sdio_stop_readwait_disable), (18 bytes).
    Removing gd32f10x_sdio.o(.ARM.exidx.text.sdio_stop_readwait_disable), (8 bytes).
    Removing gd32f10x_sdio.o(.text.sdio_readwait_type_set), (28 bytes).
    Removing gd32f10x_sdio.o(.ARM.exidx.text.sdio_readwait_type_set), (8 bytes).
    Removing gd32f10x_sdio.o(.text.sdio_operation_enable), (18 bytes).
    Removing gd32f10x_sdio.o(.ARM.exidx.text.sdio_operation_enable), (8 bytes).
    Removing gd32f10x_sdio.o(.text.sdio_operation_disable), (18 bytes).
    Removing gd32f10x_sdio.o(.ARM.exidx.text.sdio_operation_disable), (8 bytes).
    Removing gd32f10x_sdio.o(.text.sdio_suspend_enable), (18 bytes).
    Removing gd32f10x_sdio.o(.ARM.exidx.text.sdio_suspend_enable), (8 bytes).
    Removing gd32f10x_sdio.o(.text.sdio_suspend_disable), (18 bytes).
    Removing gd32f10x_sdio.o(.ARM.exidx.text.sdio_suspend_disable), (8 bytes).
    Removing gd32f10x_sdio.o(.text.sdio_ceata_command_enable), (18 bytes).
    Removing gd32f10x_sdio.o(.ARM.exidx.text.sdio_ceata_command_enable), (8 bytes).
    Removing gd32f10x_sdio.o(.text.sdio_ceata_command_disable), (18 bytes).
    Removing gd32f10x_sdio.o(.ARM.exidx.text.sdio_ceata_command_disable), (8 bytes).
    Removing gd32f10x_sdio.o(.text.sdio_ceata_interrupt_enable), (18 bytes).
    Removing gd32f10x_sdio.o(.ARM.exidx.text.sdio_ceata_interrupt_enable), (8 bytes).
    Removing gd32f10x_sdio.o(.text.sdio_ceata_interrupt_disable), (18 bytes).
    Removing gd32f10x_sdio.o(.ARM.exidx.text.sdio_ceata_interrupt_disable), (8 bytes).
    Removing gd32f10x_sdio.o(.text.sdio_ceata_command_completion_enable), (18 bytes).
    Removing gd32f10x_sdio.o(.ARM.exidx.text.sdio_ceata_command_completion_enable), (8 bytes).
    Removing gd32f10x_sdio.o(.text.sdio_ceata_command_completion_disable), (18 bytes).
    Removing gd32f10x_sdio.o(.ARM.exidx.text.sdio_ceata_command_completion_disable), (8 bytes).
    Removing gd32f10x_spi.o(.text), (0 bytes).
    Removing gd32f10x_spi.o(.ARM.exidx.text.spi_i2s_deinit), (8 bytes).
    Removing gd32f10x_spi.o(.text.spi_struct_para_init), (18 bytes).
    Removing gd32f10x_spi.o(.ARM.exidx.text.spi_struct_para_init), (8 bytes).
    Removing gd32f10x_spi.o(.ARM.exidx.text.spi_init), (8 bytes).
    Removing gd32f10x_spi.o(.ARM.exidx.text.spi_enable), (8 bytes).
    Removing gd32f10x_spi.o(.text.spi_disable), (10 bytes).
    Removing gd32f10x_spi.o(.ARM.exidx.text.spi_disable), (8 bytes).
    Removing gd32f10x_spi.o(.text.i2s_init), (30 bytes).
    Removing gd32f10x_spi.o(.ARM.exidx.text.i2s_init), (8 bytes).
    Removing gd32f10x_spi.o(.text.i2s_psc_config), (118 bytes).
    Removing gd32f10x_spi.o(.ARM.exidx.text.i2s_psc_config), (8 bytes).
    Removing gd32f10x_spi.o(.text.i2s_enable), (10 bytes).
    Removing gd32f10x_spi.o(.ARM.exidx.text.i2s_enable), (8 bytes).
    Removing gd32f10x_spi.o(.text.i2s_disable), (10 bytes).
    Removing gd32f10x_spi.o(.ARM.exidx.text.i2s_disable), (8 bytes).
    Removing gd32f10x_spi.o(.text.spi_nss_output_enable), (10 bytes).
    Removing gd32f10x_spi.o(.ARM.exidx.text.spi_nss_output_enable), (8 bytes).
    Removing gd32f10x_spi.o(.text.spi_nss_output_disable), (10 bytes).
    Removing gd32f10x_spi.o(.ARM.exidx.text.spi_nss_output_disable), (8 bytes).
    Removing gd32f10x_spi.o(.text.spi_nss_internal_high), (10 bytes).
    Removing gd32f10x_spi.o(.ARM.exidx.text.spi_nss_internal_high), (8 bytes).
    Removing gd32f10x_spi.o(.text.spi_nss_internal_low), (10 bytes).
    Removing gd32f10x_spi.o(.ARM.exidx.text.spi_nss_internal_low), (8 bytes).
    Removing gd32f10x_spi.o(.text.spi_dma_enable), (18 bytes).
    Removing gd32f10x_spi.o(.ARM.exidx.text.spi_dma_enable), (8 bytes).
    Removing gd32f10x_spi.o(.text.spi_dma_disable), (22 bytes).
    Removing gd32f10x_spi.o(.ARM.exidx.text.spi_dma_disable), (8 bytes).
    Removing gd32f10x_spi.o(.text.spi_i2s_data_frame_format_config), (16 bytes).
    Removing gd32f10x_spi.o(.ARM.exidx.text.spi_i2s_data_frame_format_config), (8 bytes).
    Removing gd32f10x_spi.o(.text.spi_bidirectional_transfer_config), (20 bytes).
    Removing gd32f10x_spi.o(.ARM.exidx.text.spi_bidirectional_transfer_config), (8 bytes).
    Removing gd32f10x_spi.o(.ARM.exidx.text.spi_i2s_data_transmit), (8 bytes).
    Removing gd32f10x_spi.o(.ARM.exidx.text.spi_i2s_data_receive), (8 bytes).
    Removing gd32f10x_spi.o(.text.spi_crc_polynomial_set), (12 bytes).
    Removing gd32f10x_spi.o(.ARM.exidx.text.spi_crc_polynomial_set), (8 bytes).
    Removing gd32f10x_spi.o(.text.spi_crc_polynomial_get), (6 bytes).
    Removing gd32f10x_spi.o(.ARM.exidx.text.spi_crc_polynomial_get), (8 bytes).
    Removing gd32f10x_spi.o(.text.spi_crc_on), (10 bytes).
    Removing gd32f10x_spi.o(.ARM.exidx.text.spi_crc_on), (8 bytes).
    Removing gd32f10x_spi.o(.text.spi_crc_off), (10 bytes).
    Removing gd32f10x_spi.o(.ARM.exidx.text.spi_crc_off), (8 bytes).
    Removing gd32f10x_spi.o(.text.spi_crc_next), (10 bytes).
    Removing gd32f10x_spi.o(.ARM.exidx.text.spi_crc_next), (8 bytes).
    Removing gd32f10x_spi.o(.text.spi_crc_get), (14 bytes).
    Removing gd32f10x_spi.o(.ARM.exidx.text.spi_crc_get), (8 bytes).
    Removing gd32f10x_spi.o(.ARM.exidx.text.spi_i2s_flag_get), (8 bytes).
    Removing gd32f10x_spi.o(.text.spi_i2s_interrupt_enable), (8 bytes).
    Removing gd32f10x_spi.o(.ARM.exidx.text.spi_i2s_interrupt_enable), (8 bytes).
    Removing gd32f10x_spi.o(.text.spi_i2s_interrupt_disable), (10 bytes).
    Removing gd32f10x_spi.o(.ARM.exidx.text.spi_i2s_interrupt_disable), (8 bytes).
    Removing gd32f10x_spi.o(.text.spi_i2s_interrupt_flag_get), (92 bytes).
    Removing gd32f10x_spi.o(.ARM.exidx.text.spi_i2s_interrupt_flag_get), (8 bytes).
    Removing gd32f10x_spi.o(.text.spi_crc_error_clear), (10 bytes).
    Removing gd32f10x_spi.o(.ARM.exidx.text.spi_crc_error_clear), (8 bytes).
    Removing gd32f10x_timer.o(.text), (0 bytes).
    Removing gd32f10x_timer.o(.text.timer_deinit), (190 bytes).
    Removing gd32f10x_timer.o(.ARM.exidx.text.timer_deinit), (8 bytes).
    Removing gd32f10x_timer.o(.text.timer_struct_para_init), (18 bytes).
    Removing gd32f10x_timer.o(.ARM.exidx.text.timer_struct_para_init), (8 bytes).
    Removing gd32f10x_timer.o(.text.timer_init), (284 bytes).
    Removing gd32f10x_timer.o(.ARM.exidx.text.timer_init), (8 bytes).
    Removing gd32f10x_timer.o(.text.timer_enable), (10 bytes).
    Removing gd32f10x_timer.o(.ARM.exidx.text.timer_enable), (8 bytes).
    Removing gd32f10x_timer.o(.text.timer_disable), (10 bytes).
    Removing gd32f10x_timer.o(.ARM.exidx.text.timer_disable), (8 bytes).
    Removing gd32f10x_timer.o(.text.timer_auto_reload_shadow_enable), (10 bytes).
    Removing gd32f10x_timer.o(.ARM.exidx.text.timer_auto_reload_shadow_enable), (8 bytes).
    Removing gd32f10x_timer.o(.text.timer_auto_reload_shadow_disable), (10 bytes).
    Removing gd32f10x_timer.o(.ARM.exidx.text.timer_auto_reload_shadow_disable), (8 bytes).
    Removing gd32f10x_timer.o(.text.timer_update_event_enable), (10 bytes).
    Removing gd32f10x_timer.o(.ARM.exidx.text.timer_update_event_enable), (8 bytes).
    Removing gd32f10x_timer.o(.text.timer_update_event_disable), (10 bytes).
    Removing gd32f10x_timer.o(.ARM.exidx.text.timer_update_event_disable), (8 bytes).
    Removing gd32f10x_timer.o(.text.timer_counter_alignment), (16 bytes).
    Removing gd32f10x_timer.o(.ARM.exidx.text.timer_counter_alignment), (8 bytes).
    Removing gd32f10x_timer.o(.text.timer_counter_up_direction), (10 bytes).
    Removing gd32f10x_timer.o(.ARM.exidx.text.timer_counter_up_direction), (8 bytes).
    Removing gd32f10x_timer.o(.text.timer_counter_down_direction), (10 bytes).
    Removing gd32f10x_timer.o(.ARM.exidx.text.timer_counter_down_direction), (8 bytes).
    Removing gd32f10x_timer.o(.text.timer_prescaler_config), (18 bytes).
    Removing gd32f10x_timer.o(.ARM.exidx.text.timer_prescaler_config), (8 bytes).
    Removing gd32f10x_timer.o(.text.timer_repetition_value_config), (4 bytes).
    Removing gd32f10x_timer.o(.ARM.exidx.text.timer_repetition_value_config), (8 bytes).
    Removing gd32f10x_timer.o(.text.timer_autoreload_value_config), (4 bytes).
    Removing gd32f10x_timer.o(.ARM.exidx.text.timer_autoreload_value_config), (8 bytes).
    Removing gd32f10x_timer.o(.text.timer_counter_value_config), (4 bytes).
    Removing gd32f10x_timer.o(.ARM.exidx.text.timer_counter_value_config), (8 bytes).
    Removing gd32f10x_timer.o(.text.timer_counter_read), (4 bytes).
    Removing gd32f10x_timer.o(.ARM.exidx.text.timer_counter_read), (8 bytes).
    Removing gd32f10x_timer.o(.text.timer_prescaler_read), (6 bytes).
    Removing gd32f10x_timer.o(.ARM.exidx.text.timer_prescaler_read), (8 bytes).
    Removing gd32f10x_timer.o(.text.timer_single_pulse_mode_config), (28 bytes).
    Removing gd32f10x_timer.o(.ARM.exidx.text.timer_single_pulse_mode_config), (8 bytes).
    Removing gd32f10x_timer.o(.text.timer_update_source_config), (28 bytes).
    Removing gd32f10x_timer.o(.ARM.exidx.text.timer_update_source_config), (8 bytes).
    Removing gd32f10x_timer.o(.text.timer_dma_enable), (8 bytes).
    Removing gd32f10x_timer.o(.ARM.exidx.text.timer_dma_enable), (8 bytes).
    Removing gd32f10x_timer.o(.text.timer_dma_disable), (10 bytes).
    Removing gd32f10x_timer.o(.ARM.exidx.text.timer_dma_disable), (8 bytes).
    Removing gd32f10x_timer.o(.text.timer_channel_dma_request_source_select), (28 bytes).
    Removing gd32f10x_timer.o(.ARM.exidx.text.timer_channel_dma_request_source_select), (8 bytes).
    Removing gd32f10x_timer.o(.text.timer_dma_transfer_config), (24 bytes).
    Removing gd32f10x_timer.o(.ARM.exidx.text.timer_dma_transfer_config), (8 bytes).
    Removing gd32f10x_timer.o(.text.timer_event_software_generate), (8 bytes).
    Removing gd32f10x_timer.o(.ARM.exidx.text.timer_event_software_generate), (8 bytes).
    Removing gd32f10x_timer.o(.text.timer_break_struct_para_init), (12 bytes).
    Removing gd32f10x_timer.o(.ARM.exidx.text.timer_break_struct_para_init), (8 bytes).
    Removing gd32f10x_timer.o(.text.timer_break_config), (38 bytes).
    Removing gd32f10x_timer.o(.ARM.exidx.text.timer_break_config), (8 bytes).
    Removing gd32f10x_timer.o(.text.timer_break_enable), (10 bytes).
    Removing gd32f10x_timer.o(.ARM.exidx.text.timer_break_enable), (8 bytes).
    Removing gd32f10x_timer.o(.text.timer_break_disable), (10 bytes).
    Removing gd32f10x_timer.o(.ARM.exidx.text.timer_break_disable), (8 bytes).
    Removing gd32f10x_timer.o(.text.timer_automatic_output_enable), (10 bytes).
    Removing gd32f10x_timer.o(.ARM.exidx.text.timer_automatic_output_enable), (8 bytes).
    Removing gd32f10x_timer.o(.text.timer_automatic_output_disable), (10 bytes).
    Removing gd32f10x_timer.o(.ARM.exidx.text.timer_automatic_output_disable), (8 bytes).
    Removing gd32f10x_timer.o(.text.timer_primary_output_config), (18 bytes).
    Removing gd32f10x_timer.o(.ARM.exidx.text.timer_primary_output_config), (8 bytes).
    Removing gd32f10x_timer.o(.text.timer_channel_control_shadow_config), (16 bytes).
    Removing gd32f10x_timer.o(.ARM.exidx.text.timer_channel_control_shadow_config), (8 bytes).
    Removing gd32f10x_timer.o(.text.timer_channel_control_shadow_update_config), (30 bytes).
    Removing gd32f10x_timer.o(.ARM.exidx.text.timer_channel_control_shadow_update_config), (8 bytes).
    Removing gd32f10x_timer.o(.text.timer_channel_output_struct_para_init), (10 bytes).
    Removing gd32f10x_timer.o(.ARM.exidx.text.timer_channel_output_struct_para_init), (8 bytes).
    Removing gd32f10x_timer.o(.text.timer_channel_output_config), (518 bytes).
    Removing gd32f10x_timer.o(.ARM.exidx.text.timer_channel_output_config), (8 bytes).
    Removing gd32f10x_timer.o(.text.timer_channel_output_mode_config), (58 bytes).
    Removing gd32f10x_timer.o(.ARM.exidx.text.timer_channel_output_mode_config), (8 bytes).
    Removing gd32f10x_timer.o(.text.timer_channel_output_pulse_value_config), (12 bytes).
    Removing gd32f10x_timer.o(.ARM.exidx.text.timer_channel_output_pulse_value_config), (8 bytes).
    Removing gd32f10x_timer.o(.text.timer_channel_output_shadow_config), (58 bytes).
    Removing gd32f10x_timer.o(.ARM.exidx.text.timer_channel_output_shadow_config), (8 bytes).
    Removing gd32f10x_timer.o(.text.timer_channel_output_fast_config), (58 bytes).
    Removing gd32f10x_timer.o(.ARM.exidx.text.timer_channel_output_fast_config), (8 bytes).
    Removing gd32f10x_timer.o(.text.timer_channel_output_clear_config), (58 bytes).
    Removing gd32f10x_timer.o(.ARM.exidx.text.timer_channel_output_clear_config), (8 bytes).
    Removing gd32f10x_timer.o(.text.timer_channel_output_polarity_config), (74 bytes).
    Removing gd32f10x_timer.o(.ARM.exidx.text.timer_channel_output_polarity_config), (8 bytes).
    Removing gd32f10x_timer.o(.text.timer_channel_complementary_output_polarity_config), (60 bytes).
    Removing gd32f10x_timer.o(.ARM.exidx.text.timer_channel_complementary_output_polarity_config), (8 bytes).
    Removing gd32f10x_timer.o(.text.timer_channel_output_state_config), (74 bytes).
    Removing gd32f10x_timer.o(.ARM.exidx.text.timer_channel_output_state_config), (8 bytes).
    Removing gd32f10x_timer.o(.text.timer_channel_complementary_output_state_config), (60 bytes).
    Removing gd32f10x_timer.o(.ARM.exidx.text.timer_channel_complementary_output_state_config), (8 bytes).
    Removing gd32f10x_timer.o(.text.timer_channel_input_struct_para_init), (12 bytes).
    Removing gd32f10x_timer.o(.ARM.exidx.text.timer_channel_input_struct_para_init), (8 bytes).
    Removing gd32f10x_timer.o(.text.timer_input_capture_config), (346 bytes).
    Removing gd32f10x_timer.o(.ARM.exidx.text.timer_input_capture_config), (8 bytes).
    Removing gd32f10x_timer.o(.text.timer_channel_input_capture_prescaler_config), (58 bytes).
    Removing gd32f10x_timer.o(.ARM.exidx.text.timer_channel_input_capture_prescaler_config), (8 bytes).
    Removing gd32f10x_timer.o(.text.timer_channel_capture_value_register_read), (14 bytes).
    Removing gd32f10x_timer.o(.ARM.exidx.text.timer_channel_capture_value_register_read), (8 bytes).
    Removing gd32f10x_timer.o(.text.timer_input_pwm_capture_config), (356 bytes).
    Removing gd32f10x_timer.o(.ARM.exidx.text.timer_input_pwm_capture_config), (8 bytes).
    Removing gd32f10x_timer.o(.text.timer_hall_mode_config), (28 bytes).
    Removing gd32f10x_timer.o(.ARM.exidx.text.timer_hall_mode_config), (8 bytes).
    Removing gd32f10x_timer.o(.text.timer_input_trigger_source_select), (16 bytes).
    Removing gd32f10x_timer.o(.ARM.exidx.text.timer_input_trigger_source_select), (8 bytes).
    Removing gd32f10x_timer.o(.text.timer_master_output_trigger_source_select), (16 bytes).
    Removing gd32f10x_timer.o(.ARM.exidx.text.timer_master_output_trigger_source_select), (8 bytes).
    Removing gd32f10x_timer.o(.text.timer_slave_mode_select), (16 bytes).
    Removing gd32f10x_timer.o(.ARM.exidx.text.timer_slave_mode_select), (8 bytes).
    Removing gd32f10x_timer.o(.text.timer_master_slave_mode_config), (28 bytes).
    Removing gd32f10x_timer.o(.ARM.exidx.text.timer_master_slave_mode_config), (8 bytes).
    Removing gd32f10x_timer.o(.text.timer_external_trigger_config), (34 bytes).
    Removing gd32f10x_timer.o(.ARM.exidx.text.timer_external_trigger_config), (8 bytes).
    Removing gd32f10x_timer.o(.text.timer_quadrature_decoder_mode_config), (78 bytes).
    Removing gd32f10x_timer.o(.ARM.exidx.text.timer_quadrature_decoder_mode_config), (8 bytes).
    Removing gd32f10x_timer.o(.text.timer_internal_clock_config), (10 bytes).
    Removing gd32f10x_timer.o(.ARM.exidx.text.timer_internal_clock_config), (8 bytes).
    Removing gd32f10x_timer.o(.text.timer_internal_trigger_as_external_clock_config), (32 bytes).
    Removing gd32f10x_timer.o(.ARM.exidx.text.timer_internal_trigger_as_external_clock_config), (8 bytes).
    Removing gd32f10x_timer.o(.text.timer_external_trigger_as_external_clock_config), (148 bytes).
    Removing gd32f10x_timer.o(.ARM.exidx.text.timer_external_trigger_as_external_clock_config), (8 bytes).
    Removing gd32f10x_timer.o(.text.timer_external_clock_mode0_config), (50 bytes).
    Removing gd32f10x_timer.o(.ARM.exidx.text.timer_external_clock_mode0_config), (8 bytes).
    Removing gd32f10x_timer.o(.text.timer_external_clock_mode1_config), (42 bytes).
    Removing gd32f10x_timer.o(.ARM.exidx.text.timer_external_clock_mode1_config), (8 bytes).
    Removing gd32f10x_timer.o(.text.timer_external_clock_mode1_disable), (10 bytes).
    Removing gd32f10x_timer.o(.ARM.exidx.text.timer_external_clock_mode1_disable), (8 bytes).
    Removing gd32f10x_timer.o(.text.timer_interrupt_enable), (8 bytes).
    Removing gd32f10x_timer.o(.ARM.exidx.text.timer_interrupt_enable), (8 bytes).
    Removing gd32f10x_timer.o(.text.timer_interrupt_disable), (10 bytes).
    Removing gd32f10x_timer.o(.ARM.exidx.text.timer_interrupt_disable), (8 bytes).
    Removing gd32f10x_timer.o(.text.timer_interrupt_flag_get), (22 bytes).
    Removing gd32f10x_timer.o(.ARM.exidx.text.timer_interrupt_flag_get), (8 bytes).
    Removing gd32f10x_timer.o(.text.timer_interrupt_flag_clear), (6 bytes).
    Removing gd32f10x_timer.o(.ARM.exidx.text.timer_interrupt_flag_clear), (8 bytes).
    Removing gd32f10x_timer.o(.text.timer_flag_get), (10 bytes).
    Removing gd32f10x_timer.o(.ARM.exidx.text.timer_flag_get), (8 bytes).
    Removing gd32f10x_timer.o(.text.timer_flag_clear), (6 bytes).
    Removing gd32f10x_timer.o(.ARM.exidx.text.timer_flag_clear), (8 bytes).
    Removing gd32f10x_usart.o(.text), (0 bytes).
    Removing gd32f10x_usart.o(.text.usart_deinit), (118 bytes).
    Removing gd32f10x_usart.o(.ARM.exidx.text.usart_deinit), (8 bytes).
    Removing gd32f10x_usart.o(.text.usart_baudrate_set), (106 bytes).
    Removing gd32f10x_usart.o(.ARM.exidx.text.usart_baudrate_set), (8 bytes).
    Removing gd32f10x_usart.o(.text.usart_parity_config), (16 bytes).
    Removing gd32f10x_usart.o(.ARM.exidx.text.usart_parity_config), (8 bytes).
    Removing gd32f10x_usart.o(.text.usart_word_length_set), (16 bytes).
    Removing gd32f10x_usart.o(.ARM.exidx.text.usart_word_length_set), (8 bytes).
    Removing gd32f10x_usart.o(.text.usart_stop_bit_set), (16 bytes).
    Removing gd32f10x_usart.o(.ARM.exidx.text.usart_stop_bit_set), (8 bytes).
    Removing gd32f10x_usart.o(.text.usart_enable), (10 bytes).
    Removing gd32f10x_usart.o(.ARM.exidx.text.usart_enable), (8 bytes).
    Removing gd32f10x_usart.o(.text.usart_disable), (10 bytes).
    Removing gd32f10x_usart.o(.ARM.exidx.text.usart_disable), (8 bytes).
    Removing gd32f10x_usart.o(.text.usart_transmit_config), (12 bytes).
    Removing gd32f10x_usart.o(.ARM.exidx.text.usart_transmit_config), (8 bytes).
    Removing gd32f10x_usart.o(.text.usart_receive_config), (12 bytes).
    Removing gd32f10x_usart.o(.ARM.exidx.text.usart_receive_config), (8 bytes).
    Removing gd32f10x_usart.o(.text.usart_data_transmit), (8 bytes).
    Removing gd32f10x_usart.o(.ARM.exidx.text.usart_data_transmit), (8 bytes).
    Removing gd32f10x_usart.o(.text.usart_data_receive), (8 bytes).
    Removing gd32f10x_usart.o(.ARM.exidx.text.usart_data_receive), (8 bytes).
    Removing gd32f10x_usart.o(.text.usart_address_config), (20 bytes).
    Removing gd32f10x_usart.o(.ARM.exidx.text.usart_address_config), (8 bytes).
    Removing gd32f10x_usart.o(.text.usart_mute_mode_enable), (10 bytes).
    Removing gd32f10x_usart.o(.ARM.exidx.text.usart_mute_mode_enable), (8 bytes).
    Removing gd32f10x_usart.o(.text.usart_mute_mode_disable), (10 bytes).
    Removing gd32f10x_usart.o(.ARM.exidx.text.usart_mute_mode_disable), (8 bytes).
    Removing gd32f10x_usart.o(.text.usart_mute_mode_wakeup_config), (16 bytes).
    Removing gd32f10x_usart.o(.ARM.exidx.text.usart_mute_mode_wakeup_config), (8 bytes).
    Removing gd32f10x_usart.o(.text.usart_lin_mode_enable), (10 bytes).
    Removing gd32f10x_usart.o(.ARM.exidx.text.usart_lin_mode_enable), (8 bytes).
    Removing gd32f10x_usart.o(.text.usart_lin_mode_disable), (10 bytes).
    Removing gd32f10x_usart.o(.ARM.exidx.text.usart_lin_mode_disable), (8 bytes).
    Removing gd32f10x_usart.o(.text.usart_lin_break_detection_length_config), (20 bytes).
    Removing gd32f10x_usart.o(.ARM.exidx.text.usart_lin_break_detection_length_config), (8 bytes).
    Removing gd32f10x_usart.o(.text.usart_send_break), (10 bytes).
    Removing gd32f10x_usart.o(.ARM.exidx.text.usart_send_break), (8 bytes).
    Removing gd32f10x_usart.o(.text.usart_halfduplex_enable), (10 bytes).
    Removing gd32f10x_usart.o(.ARM.exidx.text.usart_halfduplex_enable), (8 bytes).
    Removing gd32f10x_usart.o(.text.usart_halfduplex_disable), (10 bytes).
    Removing gd32f10x_usart.o(.ARM.exidx.text.usart_halfduplex_disable), (8 bytes).
    Removing gd32f10x_usart.o(.text.usart_synchronous_clock_enable), (10 bytes).
    Removing gd32f10x_usart.o(.ARM.exidx.text.usart_synchronous_clock_enable), (8 bytes).
    Removing gd32f10x_usart.o(.text.usart_synchronous_clock_disable), (10 bytes).
    Removing gd32f10x_usart.o(.ARM.exidx.text.usart_synchronous_clock_disable), (8 bytes).
    Removing gd32f10x_usart.o(.text.usart_synchronous_clock_config), (30 bytes).
    Removing gd32f10x_usart.o(.ARM.exidx.text.usart_synchronous_clock_config), (8 bytes).
    Removing gd32f10x_usart.o(.text.usart_guard_time_config), (20 bytes).
    Removing gd32f10x_usart.o(.ARM.exidx.text.usart_guard_time_config), (8 bytes).
    Removing gd32f10x_usart.o(.text.usart_smartcard_mode_enable), (10 bytes).
    Removing gd32f10x_usart.o(.ARM.exidx.text.usart_smartcard_mode_enable), (8 bytes).
    Removing gd32f10x_usart.o(.text.usart_smartcard_mode_disable), (10 bytes).
    Removing gd32f10x_usart.o(.ARM.exidx.text.usart_smartcard_mode_disable), (8 bytes).
    Removing gd32f10x_usart.o(.text.usart_smartcard_mode_nack_enable), (10 bytes).
    Removing gd32f10x_usart.o(.ARM.exidx.text.usart_smartcard_mode_nack_enable), (8 bytes).
    Removing gd32f10x_usart.o(.text.usart_smartcard_mode_nack_disable), (10 bytes).
    Removing gd32f10x_usart.o(.ARM.exidx.text.usart_smartcard_mode_nack_disable), (8 bytes).
    Removing gd32f10x_usart.o(.text.usart_irda_mode_enable), (10 bytes).
    Removing gd32f10x_usart.o(.ARM.exidx.text.usart_irda_mode_enable), (8 bytes).
    Removing gd32f10x_usart.o(.text.usart_irda_mode_disable), (10 bytes).
    Removing gd32f10x_usart.o(.ARM.exidx.text.usart_irda_mode_disable), (8 bytes).
    Removing gd32f10x_usart.o(.text.usart_prescaler_config), (16 bytes).
    Removing gd32f10x_usart.o(.ARM.exidx.text.usart_prescaler_config), (8 bytes).
    Removing gd32f10x_usart.o(.text.usart_irda_lowpower_config), (20 bytes).
    Removing gd32f10x_usart.o(.ARM.exidx.text.usart_irda_lowpower_config), (8 bytes).
    Removing gd32f10x_usart.o(.text.usart_hardware_flow_rts_config), (12 bytes).
    Removing gd32f10x_usart.o(.ARM.exidx.text.usart_hardware_flow_rts_config), (8 bytes).
    Removing gd32f10x_usart.o(.text.usart_hardware_flow_cts_config), (12 bytes).
    Removing gd32f10x_usart.o(.ARM.exidx.text.usart_hardware_flow_cts_config), (8 bytes).
    Removing gd32f10x_usart.o(.text.usart_dma_receive_config), (12 bytes).
    Removing gd32f10x_usart.o(.ARM.exidx.text.usart_dma_receive_config), (8 bytes).
    Removing gd32f10x_usart.o(.text.usart_dma_transmit_config), (12 bytes).
    Removing gd32f10x_usart.o(.ARM.exidx.text.usart_dma_transmit_config), (8 bytes).
    Removing gd32f10x_usart.o(.text.usart_flag_get), (16 bytes).
    Removing gd32f10x_usart.o(.ARM.exidx.text.usart_flag_get), (8 bytes).
    Removing gd32f10x_usart.o(.text.usart_flag_clear), (24 bytes).
    Removing gd32f10x_usart.o(.ARM.exidx.text.usart_flag_clear), (8 bytes).
    Removing gd32f10x_usart.o(.text.usart_interrupt_enable), (24 bytes).
    Removing gd32f10x_usart.o(.ARM.exidx.text.usart_interrupt_enable), (8 bytes).
    Removing gd32f10x_usart.o(.text.usart_interrupt_disable), (26 bytes).
    Removing gd32f10x_usart.o(.ARM.exidx.text.usart_interrupt_disable), (8 bytes).
    Removing gd32f10x_usart.o(.text.usart_interrupt_flag_get), (34 bytes).
    Removing gd32f10x_usart.o(.ARM.exidx.text.usart_interrupt_flag_get), (8 bytes).
    Removing gd32f10x_usart.o(.text.usart_interrupt_flag_clear), (24 bytes).
    Removing gd32f10x_usart.o(.ARM.exidx.text.usart_interrupt_flag_clear), (8 bytes).
    Removing gd32f10x_wwdgt.o(.text), (0 bytes).
    Removing gd32f10x_wwdgt.o(.text.wwdgt_deinit), (20 bytes).
    Removing gd32f10x_wwdgt.o(.ARM.exidx.text.wwdgt_deinit), (8 bytes).
    Removing gd32f10x_wwdgt.o(.text.wwdgt_enable), (18 bytes).
    Removing gd32f10x_wwdgt.o(.ARM.exidx.text.wwdgt_enable), (8 bytes).
    Removing gd32f10x_wwdgt.o(.text.wwdgt_counter_update), (16 bytes).
    Removing gd32f10x_wwdgt.o(.ARM.exidx.text.wwdgt_counter_update), (8 bytes).
    Removing gd32f10x_wwdgt.o(.text.wwdgt_config), (24 bytes).
    Removing gd32f10x_wwdgt.o(.ARM.exidx.text.wwdgt_config), (8 bytes).
    Removing gd32f10x_wwdgt.o(.text.wwdgt_flag_get), (16 bytes).
    Removing gd32f10x_wwdgt.o(.ARM.exidx.text.wwdgt_flag_get), (8 bytes).
    Removing gd32f10x_wwdgt.o(.text.wwdgt_flag_clear), (14 bytes).
    Removing gd32f10x_wwdgt.o(.ARM.exidx.text.wwdgt_flag_clear), (8 bytes).
    Removing gd32f10x_wwdgt.o(.text.wwdgt_interrupt_enable), (18 bytes).
    Removing gd32f10x_wwdgt.o(.ARM.exidx.text.wwdgt_interrupt_enable), (8 bytes).
    Removing startup_gd32f10x_hd.o(HEAP), (512 bytes).
    Removing lcd.o(.text), (0 bytes).
    Removing lcd.o(.text.clearRow), (34 bytes).
    Removing lcd.o(.ARM.exidx.text.clearRow), (8 bytes).
    Removing lcd.o(.ARM.exidx.text.ST7920_SendCmd), (8 bytes).
    Removing lcd.o(.ARM.exidx.text.LCD_Write), (8 bytes).
    Removing lcd.o(.text.clear_display), (68 bytes).
    Removing lcd.o(.ARM.exidx.text.clear_display), (8 bytes).
    Removing lcd.o(.ARM.exidx.text.LCD_init), (8 bytes).
    Removing lcd.o(.ARM.exidx.text.LCD_Write_Rows), (8 bytes).
    Removing lcd.o(.bss.GLCD_Buf), (1024 bytes).
    Removing keyboard.o(.text), (0 bytes).
    Removing keyboard.o(.text.GPIO_init), (64 bytes).
    Removing keyboard.o(.ARM.exidx.text.GPIO_init), (8 bytes).
    Removing keyboard.o(.text.Keyboard_config), (44 bytes).
    Removing keyboard.o(.ARM.exidx.text.Keyboard_config), (8 bytes).
    Removing keyboard.o(.ARM.exidx.text.I2C_Write_Byte), (8 bytes).
    Removing keyboard.o(.text.Get_edition), (26 bytes).
    Removing keyboard.o(.ARM.exidx.text.Get_edition), (8 bytes).
    Removing keyboard.o(.text.EXTIX_init), (52 bytes).
    Removing keyboard.o(.ARM.exidx.text.EXTIX_init), (8 bytes).
    Removing keyboard.o(.ARM.exidx.text.EXTI5_9_IRQHandler), (8 bytes).
    Removing keyboard.o(.text.Keyboard_scan), (14 bytes).
    Removing keyboard.o(.ARM.exidx.text.Keyboard_scan), (8 bytes).
    Removing keyboard.o(.ARM.exidx.text.Keyboard_init), (8 bytes).
    Removing keyboard.o(.ARM.exidx.text.I2C_Read_Byte), (8 bytes).
    Removing keyboard.o(.text.SDA_IN_Config), (22 bytes).
    Removing keyboard.o(.ARM.exidx.text.SDA_IN_Config), (8 bytes).
    Removing keyboard.o(.text.SDA_OUT_Config), (22 bytes).
    Removing keyboard.o(.ARM.exidx.text.SDA_OUT_Config), (8 bytes).
    Removing keyboard.o(.text.I2C_Stop), (46 bytes).
    Removing keyboard.o(.ARM.exidx.text.I2C_Stop), (8 bytes).
    Removing keyboard.o(.text.I2C_Start), (56 bytes).
    Removing keyboard.o(.ARM.exidx.text.I2C_Start), (8 bytes).
    Removing keyboard.o(.ARM.exidx.text.data_trans), (8 bytes).
    Removing keyboard.o(.text.data_receive), (88 bytes).
    Removing keyboard.o(.ARM.exidx.text.data_receive), (8 bytes).
    Removing fm1702.o(.text), (0 bytes).
    Removing fm1702.o(.text.drv_fm1702PowerDownMode), (8 bytes).
    Removing fm1702.o(.ARM.exidx.text.drv_fm1702PowerDownMode), (8 bytes).
    Removing fm1702.o(.ARM.exidx.text.drv_fm1702Init), (8 bytes).
    Removing fm1702.o(.text.drv_fm1702Request), (130 bytes).
    Removing fm1702.o(.ARM.exidx.text.drv_fm1702Request), (8 bytes).
    Removing fm1702.o(.text.drv_fm1702Command), (120 bytes).
    Removing fm1702.o(.ARM.exidx.text.drv_fm1702Command), (8 bytes).
    Removing fm1702.o(.text.drv_fm1702ReadFifo), (38 bytes).
    Removing fm1702.o(.ARM.exidx.text.drv_fm1702ReadFifo), (8 bytes).
    Removing fm1702.o(.text.drv_fm1702AntiColl), (124 bytes).
    Removing fm1702.o(.ARM.exidx.text.drv_fm1702AntiColl), (8 bytes).
    Removing fm1702.o(.text.drv_fm1702SelectCard), (126 bytes).
    Removing fm1702.o(.ARM.exidx.text.drv_fm1702SelectCard), (8 bytes).
    Removing fm1702.o(.text.drv_fm1702LoadKey), (86 bytes).
    Removing fm1702.o(.ARM.exidx.text.drv_fm1702LoadKey), (8 bytes).
    Removing fm1702.o(.text.drv_fm1702LoadKeyToE2), (110 bytes).
    Removing fm1702.o(.ARM.exidx.text.drv_fm1702LoadKeyToE2), (8 bytes).
    Removing fm1702.o(.text.drv_fm1702LoadKeyfromE2), (64 bytes).
    Removing fm1702.o(.ARM.exidx.text.drv_fm1702LoadKeyfromE2), (8 bytes).
    Removing fm1702.o(.text.Authentication), (172 bytes).
    Removing fm1702.o(.ARM.exidx.text.Authentication), (8 bytes).
    Removing fm1702.o(.text.drv_fm1702ReadBlock), (118 bytes).
    Removing fm1702.o(.ARM.exidx.text.drv_fm1702ReadBlock), (8 bytes).
    Removing fm1702.o(.text.drv_fm1702WriteBlock), (190 bytes).
    Removing fm1702.o(.ARM.exidx.text.drv_fm1702WriteBlock), (8 bytes).
    Removing fm1702.o(.text.drv_fm1702HaltCard), (64 bytes).
    Removing fm1702.o(.ARM.exidx.text.drv_fm1702HaltCard), (8 bytes).
    Removing fm1702.o(.bss.gBuff), (16 bytes).
    Removing fm1702.o(.bss.gCard_UID), (5 bytes).
    Removing spi_fm1702.o(.text), (0 bytes).
    Removing spi_fm1702.o(.text.drv_spiReadWriteByte), (66 bytes).
    Removing spi_fm1702.o(.ARM.exidx.text.drv_spiReadWriteByte), (8 bytes).
    Removing spi_fm1702.o(.ARM.exidx.text.drv_spiInit), (8 bytes).
    Removing spi_fm1702.o(.ARM.exidx.text.drv_fm1702ItfGpioInit), (8 bytes).
    Removing spi_fm1702.o(.ARM.exidx.text.drv_fm1702ItfClearReset), (8 bytes).
    Removing spi_fm1702.o(.ARM.exidx.text.drv_fm1702ItfSetReset), (8 bytes).
    Removing spi_fm1702.o(.text.drv_fm1702ItfClearCs), (18 bytes).
    Removing spi_fm1702.o(.ARM.exidx.text.drv_fm1702ItfClearCs), (8 bytes).
    Removing spi_fm1702.o(.text.drv_fm1702ItfSetCs), (18 bytes).
    Removing spi_fm1702.o(.ARM.exidx.text.drv_fm1702ItfSetCs), (8 bytes).
    Removing spi_fm1702.o(.ARM.exidx.text.drv_fm1702ItfReadByte), (8 bytes).
    Removing spi_fm1702.o(.text.drv_fm1702ItfRead), (174 bytes).
    Removing spi_fm1702.o(.ARM.exidx.text.drv_fm1702ItfRead), (8 bytes).
    Removing spi_fm1702.o(.ARM.exidx.text.drv_fm1702ItfWriteByte), (8 bytes).
    Removing spi_fm1702.o(.text.drv_fm1702ItfWrite), (170 bytes).
    Removing spi_fm1702.o(.ARM.exidx.text.drv_fm1702ItfWrite), (8 bytes).
    Removing at24cxx.o(.text), (0 bytes).
    Removing at24cxx.o(.text.at24_gpio_config), (48 bytes).
    Removing at24cxx.o(.ARM.exidx.text.at24_gpio_config), (8 bytes).
    Removing at24cxx.o(.text.at24_i2c_config), (64 bytes).
    Removing at24cxx.o(.ARM.exidx.text.at24_i2c_config), (8 bytes).
    Removing at24cxx.o(.text.at24_i2c_bus_reset), (190 bytes).
    Removing at24cxx.o(.ARM.exidx.text.at24_i2c_bus_reset), (8 bytes).
    Removing at24cxx.o(.ARM.exidx.text.eeprom_init), (8 bytes).
    Removing at24cxx.o(.text.i2c_eeprom_init), (14 bytes).
    Removing at24cxx.o(.ARM.exidx.text.i2c_eeprom_init), (8 bytes).
    Removing at24cxx.o(.text.eeprom_byte_write_timeout), (560 bytes).
    Removing at24cxx.o(.ARM.exidx.text.eeprom_byte_write_timeout), (8 bytes).
    Removing at24cxx.o(.text.eeprom_page_write_timeout), (608 bytes).
    Removing at24cxx.o(.ARM.exidx.text.eeprom_page_write_timeout), (8 bytes).
    Removing at24cxx.o(.text.eeprom_buffer_write_timeout), (162 bytes).
    Removing at24cxx.o(.ARM.exidx.text.eeprom_buffer_write_timeout), (8 bytes).
    Removing at24cxx.o(.text.eeprom_wait_standby_state_timeout), (460 bytes).
    Removing at24cxx.o(.ARM.exidx.text.eeprom_wait_standby_state_timeout), (8 bytes).
    Removing at24cxx.o(.text.eeprom_buffer_read_timeout), (848 bytes).
    Removing at24cxx.o(.ARM.exidx.text.eeprom_buffer_read_timeout), (8 bytes).
    Removing at24cxx.o(.rodata.str1.1), (766 bytes).
    Removing at24cxx.o(.bss.temp_str), (20 bytes).
    Removing gd32f10x_usbd_hw.o(.text), (0 bytes).
    Removing gd32f10x_usbd_hw.o(.text.rcu_config), (88 bytes).
    Removing gd32f10x_usbd_hw.o(.ARM.exidx.text.rcu_config), (8 bytes).
    Removing gd32f10x_usbd_hw.o(.text.gpio_config), (24 bytes).
    Removing gd32f10x_usbd_hw.o(.ARM.exidx.text.gpio_config), (8 bytes).
    Removing gd32f10x_usbd_hw.o(.text.nvic_config), (22 bytes).
    Removing gd32f10x_usbd_hw.o(.ARM.exidx.text.nvic_config), (8 bytes).
    Removing systick.o(.text), (0 bytes).
    Removing systick.o(.ARM.exidx.text.SysTick_Handler), (8 bytes).
    Removing systick.o(.ARM.exidx.text.systick_config), (8 bytes).
    Removing systick.o(.ARM.exidx.text.delay_1us), (8 bytes).
    Removing systick.o(.ARM.exidx.text.delay_1ms), (8 bytes).
    Removing dadd.o(.text), (334 bytes).
    Removing dmul.o(.text), (228 bytes).
    Removing ddiv.o(.text), (222 bytes).
    Removing dfixul.o(.text), (48 bytes).
    Removing cdrcmple.o(.text), (48 bytes).
    Removing depilogue.o(.text), (186 bytes).

1356 unused section(s) (total 38523 bytes) removed from the image.

==============================================================================

Image Symbol Table

    Local Symbols

    Symbol Name                              Value     Ov Type        Size  Object(Section)

    ../clib/division.s                       0x00000000   Number         0  aeabi_sdiv.o ABSOLUTE
    ../clib/microlib/division.c              0x00000000   Number         0  uidiv.o ABSOLUTE
    ../clib/microlib/division.c              0x00000000   Number         0  uldiv.o ABSOLUTE
    ../clib/microlib/init/entry.s            0x00000000   Number         0  entry.o ABSOLUTE
    ../clib/microlib/init/entry.s            0x00000000   Number         0  entry2.o ABSOLUTE
    ../clib/microlib/init/entry.s            0x00000000   Number         0  entry5.o ABSOLUTE
    ../clib/microlib/init/entry.s            0x00000000   Number         0  entry7a.o ABSOLUTE
    ../clib/microlib/init/entry.s            0x00000000   Number         0  entry7b.o ABSOLUTE
    ../clib/microlib/init/entry.s            0x00000000   Number         0  entry8a.o ABSOLUTE
    ../clib/microlib/init/entry.s            0x00000000   Number         0  entry8b.o ABSOLUTE
    ../clib/microlib/init/entry.s            0x00000000   Number         0  entry9a.o ABSOLUTE
    ../clib/microlib/init/entry.s            0x00000000   Number         0  entry9b.o ABSOLUTE
    ../clib/microlib/init/entry.s            0x00000000   Number         0  entry10a.o ABSOLUTE
    ../clib/microlib/init/entry.s            0x00000000   Number         0  entry10b.o ABSOLUTE
    ../clib/microlib/init/entry.s            0x00000000   Number         0  entry11a.o ABSOLUTE
    ../clib/microlib/init/entry.s            0x00000000   Number         0  entry11b.o ABSOLUTE
    ../clib/microlib/longlong.c              0x00000000   Number         0  llshl.o ABSOLUTE
    ../clib/microlib/longlong.c              0x00000000   Number         0  llushr.o ABSOLUTE
    ../clib/microlib/longlong.c              0x00000000   Number         0  llsshr.o ABSOLUTE
    ../clib/microlib/printf/printf.c         0x00000000   Number         0  printfb.o ABSOLUTE
    ../clib/microlib/printf/printf.c         0x00000000   Number         0  printf0.o ABSOLUTE
    ../clib/microlib/printf/printf.c         0x00000000   Number         0  printf1.o ABSOLUTE
    ../clib/microlib/printf/printf.c         0x00000000   Number         0  printf2.o ABSOLUTE
    ../clib/microlib/printf/printf.c         0x00000000   Number         0  printf3.o ABSOLUTE
    ../clib/microlib/printf/printf.c         0x00000000   Number         0  printf4.o ABSOLUTE
    ../clib/microlib/printf/printf.c         0x00000000   Number         0  printf5.o ABSOLUTE
    ../clib/microlib/printf/printf.c         0x00000000   Number         0  printf6.o ABSOLUTE
    ../clib/microlib/printf/printf.c         0x00000000   Number         0  printf7.o ABSOLUTE
    ../clib/microlib/printf/printf.c         0x00000000   Number         0  printf8.o ABSOLUTE
    ../clib/microlib/printf/printf.c         0x00000000   Number         0  printfa.o ABSOLUTE
    ../clib/microlib/printf/stubs.s          0x00000000   Number         0  printfstubs.o ABSOLUTE
    ../clib/microlib/stdio/puts.c            0x00000000   Number         0  puts.o ABSOLUTE
    ../clib/microlib/stdio/puts.c            0x00000000   Number         0  puts_e.o ABSOLUTE
    ../clib/microlib/stubs.s                 0x00000000   Number         0  iusefp.o ABSOLUTE
    ../fplib/microlib/fpadd.c                0x00000000   Number         0  dadd.o ABSOLUTE
    ../fplib/microlib/fpdiv.c                0x00000000   Number         0  ddiv.o ABSOLUTE
    ../fplib/microlib/fpepilogue.c           0x00000000   Number         0  depilogue.o ABSOLUTE
    ../fplib/microlib/fpfix.c                0x00000000   Number         0  dfixul.o ABSOLUTE
    ../fplib/microlib/fpmul.c                0x00000000   Number         0  dmul.o ABSOLUTE
    Firmware\CMSIS\GD\GD32F10x\Source\ARM\startup_gd32f10x_hd.s 0x00000000   Number         0  startup_gd32f10x_hd.o ABSOLUTE
    at24cxx.c                                0x00000000   Number         0  at24cxx.o ABSOLUTE
    cdc_acm_core.c                           0x00000000   Number         0  cdc_acm_core.o ABSOLUTE
    cdrcmple.s                               0x00000000   Number         0  cdrcmple.o ABSOLUTE
    dc.s                                     0x00000000   Number         0  dc.o ABSOLUTE
    fm1702.c                                 0x00000000   Number         0  fm1702.o ABSOLUTE
    gd32f10x_adc.c                           0x00000000   Number         0  gd32f10x_adc.o ABSOLUTE
    gd32f10x_bkp.c                           0x00000000   Number         0  gd32f10x_bkp.o ABSOLUTE
    gd32f10x_can.c                           0x00000000   Number         0  gd32f10x_can.o ABSOLUTE
    gd32f10x_crc.c                           0x00000000   Number         0  gd32f10x_crc.o ABSOLUTE
    gd32f10x_dac.c                           0x00000000   Number         0  gd32f10x_dac.o ABSOLUTE
    gd32f10x_dbg.c                           0x00000000   Number         0  gd32f10x_dbg.o ABSOLUTE
    gd32f10x_dma.c                           0x00000000   Number         0  gd32f10x_dma.o ABSOLUTE
    gd32f10x_enet.c                          0x00000000   Number         0  gd32f10x_enet.o ABSOLUTE
    gd32f10x_exmc.c                          0x00000000   Number         0  gd32f10x_exmc.o ABSOLUTE
    gd32f10x_exti.c                          0x00000000   Number         0  gd32f10x_exti.o ABSOLUTE
    gd32f10x_fmc.c                           0x00000000   Number         0  gd32f10x_fmc.o ABSOLUTE
    gd32f10x_fwdgt.c                         0x00000000   Number         0  gd32f10x_fwdgt.o ABSOLUTE
    gd32f10x_gpio.c                          0x00000000   Number         0  gd32f10x_gpio.o ABSOLUTE
    gd32f10x_i2c.c                           0x00000000   Number         0  gd32f10x_i2c.o ABSOLUTE
    gd32f10x_it.c                            0x00000000   Number         0  gd32f10x_it.o ABSOLUTE
    gd32f10x_misc.c                          0x00000000   Number         0  gd32f10x_misc.o ABSOLUTE
    gd32f10x_pmu.c                           0x00000000   Number         0  gd32f10x_pmu.o ABSOLUTE
    gd32f10x_rcu.c                           0x00000000   Number         0  gd32f10x_rcu.o ABSOLUTE
    gd32f10x_rtc.c                           0x00000000   Number         0  gd32f10x_rtc.o ABSOLUTE
    gd32f10x_sdio.c                          0x00000000   Number         0  gd32f10x_sdio.o ABSOLUTE
    gd32f10x_spi.c                           0x00000000   Number         0  gd32f10x_spi.o ABSOLUTE
    gd32f10x_timer.c                         0x00000000   Number         0  gd32f10x_timer.o ABSOLUTE
    gd32f10x_usart.c                         0x00000000   Number         0  gd32f10x_usart.o ABSOLUTE
    gd32f10x_usbd_hw.c                       0x00000000   Number         0  gd32f10x_usbd_hw.o ABSOLUTE
    gd32f10x_wwdgt.c                         0x00000000   Number         0  gd32f10x_wwdgt.o ABSOLUTE
    handlers.s                               0x00000000   Number         0  handlers.o ABSOLUTE
    init.s                                   0x00000000   Number         0  init.o ABSOLUTE
    keyboard.c                               0x00000000   Number         0  keyboard.o ABSOLUTE
    lcd.c                                    0x00000000   Number         0  lcd.o ABSOLUTE
    main.c                                   0x00000000   Number         0  main.o ABSOLUTE
    spi_fm1702.c                             0x00000000   Number         0  spi_fm1702.o ABSOLUTE
    system_gd32f10x.c                        0x00000000   Number         0  system_gd32f10x.o ABSOLUTE
    systick.c                                0x00000000   Number         0  systick.o ABSOLUTE
    usbd_core.c                              0x00000000   Number         0  usbd_core.o ABSOLUTE
    usbd_enum.c                              0x00000000   Number         0  usbd_enum.o ABSOLUTE
    usbd_lld_core.c                          0x00000000   Number         0  usbd_lld_core.o ABSOLUTE
    usbd_lld_int.c                           0x00000000   Number         0  usbd_lld_int.o ABSOLUTE
    usbd_pwr.c                               0x00000000   Number         0  usbd_pwr.o ABSOLUTE
    usbd_transc.c                            0x00000000   Number         0  usbd_transc.o ABSOLUTE
    RESET                                    0x08000000   Section      304  startup_gd32f10x_hd.o(RESET)
    .ARM.Collect$$$$00000000                 0x08000130   Section        0  entry.o(.ARM.Collect$$$$00000000)
    .ARM.Collect$$$$00000001                 0x08000130   Section        4  entry2.o(.ARM.Collect$$$$00000001)
    .ARM.Collect$$$$00000004                 0x08000134   Section        4  entry5.o(.ARM.Collect$$$$00000004)
    .ARM.Collect$$$$00000008                 0x08000138   Section        0  entry7b.o(.ARM.Collect$$$$00000008)
    .ARM.Collect$$$$0000000A                 0x08000138   Section        0  entry8b.o(.ARM.Collect$$$$0000000A)
    .ARM.Collect$$$$0000000B                 0x08000138   Section        8  entry9a.o(.ARM.Collect$$$$0000000B)
    __lit__00000000                          0x08000140   Data           4  entry2.o(.ARM.Collect$$$$00002712)
    .ARM.Collect$$$$0000000D                 0x08000140   Section        0  entry10a.o(.ARM.Collect$$$$0000000D)
    .ARM.Collect$$$$0000000F                 0x08000140   Section        0  entry11a.o(.ARM.Collect$$$$0000000F)
    .ARM.Collect$$$$00002712                 0x08000140   Section        4  entry2.o(.ARM.Collect$$$$00002712)
    .text                                    0x08000144   Section       36  startup_gd32f10x_hd.o(.text)
    .text                                    0x08000168   Section        0  uidiv.o(.text)
    .text                                    0x08000194   Section       36  init.o(.text)
    [Anonymous Symbol]                       0x080001b8   Section        0  gd32f10x_it.o(.text.BusFault_Handler)
    [Anonymous Symbol]                       0x080001bc   Section        0  gd32f10x_it.o(.text.DebugMon_Handler)
    [Anonymous Symbol]                       0x080001c0   Section        0  keyboard.o(.text.EXTI5_9_IRQHandler)
    [Anonymous Symbol]                       0x080001e0   Section        0  gd32f10x_it.o(.text.HardFault_Handler)
    [Anonymous Symbol]                       0x080001e4   Section        0  keyboard.o(.text.I2C_Read_Byte)
    [Anonymous Symbol]                       0x080002c0   Section        0  keyboard.o(.text.I2C_Write_Byte)
    [Anonymous Symbol]                       0x08000378   Section        0  keyboard.o(.text.Keyboard_init)
    [Anonymous Symbol]                       0x0800040c   Section        0  lcd.o(.text.LCD_Write)
    [Anonymous Symbol]                       0x08000550   Section        0  lcd.o(.text.LCD_Write_Rows)
    [Anonymous Symbol]                       0x080005b4   Section        0  lcd.o(.text.LCD_init)
    [Anonymous Symbol]                       0x0800064c   Section        0  gd32f10x_it.o(.text.MemManage_Handler)
    [Anonymous Symbol]                       0x08000650   Section        0  gd32f10x_it.o(.text.NMI_Handler)
    [Anonymous Symbol]                       0x08000654   Section        0  gd32f10x_it.o(.text.PendSV_Handler)
    ST7920_SendCmd                           0x08000659   Thumb Code   244  lcd.o(.text.ST7920_SendCmd)
    [Anonymous Symbol]                       0x08000658   Section        0  lcd.o(.text.ST7920_SendCmd)
    [Anonymous Symbol]                       0x0800074c   Section        0  gd32f10x_it.o(.text.SVC_Handler)
    [Anonymous Symbol]                       0x08000750   Section        0  systick.o(.text.SysTick_Handler)
    [Anonymous Symbol]                       0x08000768   Section        0  system_gd32f10x.o(.text.SystemInit)
    [Anonymous Symbol]                       0x08000900   Section        0  gd32f10x_it.o(.text.USBD_LP_CAN0_RX0_IRQHandler)
    [Anonymous Symbol]                       0x08000908   Section        0  gd32f10x_it.o(.text.UsageFault_Handler)
    [Anonymous Symbol]                       0x0800090c   Section        0  keyboard.o(.text.data_trans)
    [Anonymous Symbol]                       0x08000984   Section        0  systick.o(.text.delay_1ms)
    [Anonymous Symbol]                       0x080009a8   Section        0  systick.o(.text.delay_1us)
    [Anonymous Symbol]                       0x080009bc   Section        0  fm1702.o(.text.drv_fm1702Init)
    [Anonymous Symbol]                       0x08000a60   Section        0  spi_fm1702.o(.text.drv_fm1702ItfClearReset)
    [Anonymous Symbol]                       0x08000a74   Section        0  spi_fm1702.o(.text.drv_fm1702ItfGpioInit)
    [Anonymous Symbol]                       0x08000a7c   Section        0  spi_fm1702.o(.text.drv_fm1702ItfReadByte)
    [Anonymous Symbol]                       0x08000b10   Section        0  spi_fm1702.o(.text.drv_fm1702ItfSetReset)
    [Anonymous Symbol]                       0x08000b24   Section        0  spi_fm1702.o(.text.drv_fm1702ItfWriteByte)
    [Anonymous Symbol]                       0x08000bbc   Section        0  spi_fm1702.o(.text.drv_spiInit)
    [Anonymous Symbol]                       0x08000c80   Section        0  at24cxx.o(.text.eeprom_init)
    [Anonymous Symbol]                       0x08000cf4   Section        0  gd32f10x_exti.o(.text.exti_init)
    [Anonymous Symbol]                       0x08000d90   Section        0  gd32f10x_exti.o(.text.exti_interrupt_enable)
    [Anonymous Symbol]                       0x08000da0   Section        0  gd32f10x_exti.o(.text.exti_interrupt_flag_clear)
    [Anonymous Symbol]                       0x08000dac   Section        0  gd32f10x_exti.o(.text.exti_interrupt_flag_get)
    [Anonymous Symbol]                       0x08000dc0   Section        0  main.o(.text.fputc)
    [Anonymous Symbol]                       0x08000df0   Section        0  gd32f10x_gpio.o(.text.gpio_bit_reset)
    [Anonymous Symbol]                       0x08000df4   Section        0  gd32f10x_gpio.o(.text.gpio_bit_set)
    [Anonymous Symbol]                       0x08000df8   Section        0  gd32f10x_gpio.o(.text.gpio_exti_source_select)
    [Anonymous Symbol]                       0x08000e7c   Section        0  gd32f10x_gpio.o(.text.gpio_init)
    [Anonymous Symbol]                       0x08000f28   Section        0  gd32f10x_gpio.o(.text.gpio_input_bit_get)
    [Anonymous Symbol]                       0x08000f34   Section        0  gd32f10x_i2c.o(.text.i2c_ack_config)
    [Anonymous Symbol]                       0x08000f40   Section        0  gd32f10x_i2c.o(.text.i2c_clock_config)
    [Anonymous Symbol]                       0x0800101c   Section        0  gd32f10x_i2c.o(.text.i2c_enable)
    [Anonymous Symbol]                       0x08001028   Section        0  gd32f10x_i2c.o(.text.i2c_mode_addr_config)
    [Anonymous Symbol]                       0x08001044   Section        0  main.o(.text.init_rounites)
    [Anonymous Symbol]                       0x080010d4   Section        0  main.o(.text.keyboard_interrupt_delegate)
    [Anonymous Symbol]                       0x08001180   Section        0  main.o(.text.main)
    [Anonymous Symbol]                       0x080011d8   Section        0  gd32f10x_misc.o(.text.nvic_irq_enable)
    [Anonymous Symbol]                       0x0800123c   Section        0  gd32f10x_misc.o(.text.nvic_priority_group_set)
    [Anonymous Symbol]                       0x08001250   Section        0  gd32f10x_misc.o(.text.nvic_vector_table_set)
    [Anonymous Symbol]                       0x0800126c   Section        0  gd32f10x_rcu.o(.text.rcu_clock_freq_get)
    [Anonymous Symbol]                       0x0800131c   Section        0  gd32f10x_rcu.o(.text.rcu_periph_clock_enable)
    [Anonymous Symbol]                       0x0800133c   Section        0  gd32f10x_rcu.o(.text.rcu_periph_reset_disable)
    [Anonymous Symbol]                       0x0800135c   Section        0  gd32f10x_rcu.o(.text.rcu_periph_reset_enable)
    [Anonymous Symbol]                       0x0800137c   Section        0  gd32f10x_spi.o(.text.spi_enable)
    [Anonymous Symbol]                       0x08001388   Section        0  gd32f10x_spi.o(.text.spi_i2s_data_receive)
    [Anonymous Symbol]                       0x08001390   Section        0  gd32f10x_spi.o(.text.spi_i2s_data_transmit)
    [Anonymous Symbol]                       0x08001394   Section        0  gd32f10x_spi.o(.text.spi_i2s_deinit)
    [Anonymous Symbol]                       0x080013dc   Section        0  gd32f10x_spi.o(.text.spi_i2s_flag_get)
    [Anonymous Symbol]                       0x080013e8   Section        0  gd32f10x_spi.o(.text.spi_init)
    [Anonymous Symbol]                       0x0800141c   Section        0  systick.o(.text.systick_config)
    [Anonymous Symbol]                       0x08001464   Section        0  usbd_core.o(.text.usbd_ep_send)
    [Anonymous Symbol]                       0x080014a0   Section        0  usbd_lld_int.o(.text.usbd_isr)
    i.__0printf$1                            0x08001680   Section        0  printf1.o(i.__0printf$1)
    i.__scatterload_copy                     0x080016a0   Section       14  handlers.o(i.__scatterload_copy)
    i.__scatterload_null                     0x080016ae   Section        2  handlers.o(i.__scatterload_null)
    i.__scatterload_zeroinit                 0x080016b0   Section       14  handlers.o(i.__scatterload_zeroinit)
    _printf_core                             0x080016c1   Thumb Code   336  printf1.o(i._printf_core)
    i._printf_core                           0x080016c0   Section        0  printf1.o(i._printf_core)
    i.puts                                   0x08001814   Section        0  puts.o(i.puts)
    .L__const.rcu_clock_freq_get.apb2_exp    0x08001838   Data           8  gd32f10x_rcu.o(.rodata.cst8)
    .L.str.3                                 0x08001840   Data          19  main.o(.rodata.str1.1)
    [Anonymous Symbol]                       0x08001840   Section        0  main.o(.rodata.str1.1)
    .L.str.2                                 0x08001853   Data          18  main.o(.rodata.str1.1)
    .Lstr                                    0x08001865   Data           3  main.o(.rodata.str1.1)
    .Lstr.6                                  0x08001868   Data           4  main.o(.rodata.str1.1)
    .L.str                                   0x0800186c   Data          19  lcd.o(.rodata.str1.1)
    [Anonymous Symbol]                       0x0800186c   Section        0  lcd.o(.rodata.str1.1)
    usTicks                                  0x20000060   Data           4  systick.o(.bss.usTicks)
    STACK                                    0x20000070   Section     1024  startup_gd32f10x_hd.o(STACK)

    Global Symbols

    Symbol Name                              Value     Ov Type        Size  Object(Section)

    BuildAttributes$$THM_ISAv4$P$D$K$B$S$PE$A:L22UL41UL21$X:L11$S22US41US21$IEEE1$IW$~IW$USESV6$~STKCKD$USESV7$~SHL$OTIME$ROPI$EBA8$MICROLIB$REQ8$PRES8$EABIv2 0x00000000   Number         0  anon$$obj.o ABSOLUTE
    _printf_a                                0x00000000   Number         0  printfstubs.o ABSOLUTE
    _printf_c                                0x00000000   Number         0  printfstubs.o ABSOLUTE
    _printf_charcount                        0x00000000   Number         0  printfstubs.o ABSOLUTE
    _printf_d                                0x00000000   Number         0  printfstubs.o ABSOLUTE
    _printf_e                                0x00000000   Number         0  printfstubs.o ABSOLUTE
    _printf_f                                0x00000000   Number         0  printfstubs.o ABSOLUTE
    _printf_flags                            0x00000000   Number         0  printfstubs.o ABSOLUTE
    _printf_fp_dec                           0x00000000   Number         0  printfstubs.o ABSOLUTE
    _printf_fp_hex                           0x00000000   Number         0  printfstubs.o ABSOLUTE
    _printf_g                                0x00000000   Number         0  printfstubs.o ABSOLUTE
    _printf_i                                0x00000000   Number         0  printfstubs.o ABSOLUTE
    _printf_int_dec                          0x00000000   Number         0  printfstubs.o ABSOLUTE
    _printf_l                                0x00000000   Number         0  printfstubs.o ABSOLUTE
    _printf_lc                               0x00000000   Number         0  printfstubs.o ABSOLUTE
    _printf_ll                               0x00000000   Number         0  printfstubs.o ABSOLUTE
    _printf_lld                              0x00000000   Number         0  printfstubs.o ABSOLUTE
    _printf_lli                              0x00000000   Number         0  printfstubs.o ABSOLUTE
    _printf_llo                              0x00000000   Number         0  printfstubs.o ABSOLUTE
    _printf_llu                              0x00000000   Number         0  printfstubs.o ABSOLUTE
    _printf_llx                              0x00000000   Number         0  printfstubs.o ABSOLUTE
    _printf_longlong_dec                     0x00000000   Number         0  printfstubs.o ABSOLUTE
    _printf_longlong_hex                     0x00000000   Number         0  printfstubs.o ABSOLUTE
    _printf_longlong_oct                     0x00000000   Number         0  printfstubs.o ABSOLUTE
    _printf_ls                               0x00000000   Number         0  printfstubs.o ABSOLUTE
    _printf_mbtowc                           0x00000000   Number         0  printfstubs.o ABSOLUTE
    _printf_n                                0x00000000   Number         0  printfstubs.o ABSOLUTE
    _printf_o                                0x00000000   Number         0  printfstubs.o ABSOLUTE
    _printf_p                                0x00000000   Number         0  printfstubs.o ABSOLUTE
    _printf_percent                          0x00000000   Number         0  printfstubs.o ABSOLUTE
    _printf_pre_padding                      0x00000000   Number         0  printfstubs.o ABSOLUTE
    _printf_return_value                     0x00000000   Number         0  printfstubs.o ABSOLUTE
    _printf_s                                0x00000000   Number         0  printfstubs.o ABSOLUTE
    _printf_sizespec                         0x00000000   Number         0  printfstubs.o ABSOLUTE
    _printf_str                              0x00000000   Number         0  printfstubs.o ABSOLUTE
    _printf_truncate_signed                  0x00000000   Number         0  printfstubs.o ABSOLUTE
    _printf_truncate_unsigned                0x00000000   Number         0  printfstubs.o ABSOLUTE
    _printf_u                                0x00000000   Number         0  printfstubs.o ABSOLUTE
    _printf_wc                               0x00000000   Number         0  printfstubs.o ABSOLUTE
    _printf_wctomb                           0x00000000   Number         0  printfstubs.o ABSOLUTE
    _printf_widthprec                        0x00000000   Number         0  printfstubs.o ABSOLUTE
    _printf_x                                0x00000000   Number         0  printfstubs.o ABSOLUTE
    __cpp_initialize__aeabi_                  - Undefined Weak Reference
    __cxa_finalize                            - Undefined Weak Reference
    __decompress                              - Undefined Weak Reference
    _clock_init                               - Undefined Weak Reference
    _microlib_exit                            - Undefined Weak Reference
    __Vectors_Size                           0x00000130   Number         0  startup_gd32f10x_hd.o ABSOLUTE
    __Vectors                                0x08000000   Data           4  startup_gd32f10x_hd.o(RESET)
    __Vectors_End                            0x08000130   Data           0  startup_gd32f10x_hd.o(RESET)
    __main                                   0x08000131   Thumb Code     0  entry.o(.ARM.Collect$$$$00000000)
    _main_stk                                0x08000131   Thumb Code     0  entry2.o(.ARM.Collect$$$$00000001)
    _main_scatterload                        0x08000135   Thumb Code     0  entry5.o(.ARM.Collect$$$$00000004)
    __main_after_scatterload                 0x08000139   Thumb Code     0  entry5.o(.ARM.Collect$$$$00000004)
    _main_clock                              0x08000139   Thumb Code     0  entry7b.o(.ARM.Collect$$$$00000008)
    _main_cpp_init                           0x08000139   Thumb Code     0  entry8b.o(.ARM.Collect$$$$0000000A)
    _main_init                               0x08000139   Thumb Code     0  entry9a.o(.ARM.Collect$$$$0000000B)
    __rt_final_cpp                           0x08000141   Thumb Code     0  entry10a.o(.ARM.Collect$$$$0000000D)
    __rt_final_exit                          0x08000141   Thumb Code     0  entry11a.o(.ARM.Collect$$$$0000000F)
    Reset_Handler                            0x08000145   Thumb Code     8  startup_gd32f10x_hd.o(.text)
    ADC0_1_IRQHandler                        0x0800015f   Thumb Code     0  startup_gd32f10x_hd.o(.text)
    ADC2_IRQHandler                          0x0800015f   Thumb Code     0  startup_gd32f10x_hd.o(.text)
    CAN0_EWMC_IRQHandler                     0x0800015f   Thumb Code     0  startup_gd32f10x_hd.o(.text)
    CAN0_RX1_IRQHandler                      0x0800015f   Thumb Code     0  startup_gd32f10x_hd.o(.text)
    DMA0_Channel0_IRQHandler                 0x0800015f   Thumb Code     0  startup_gd32f10x_hd.o(.text)
    DMA0_Channel1_IRQHandler                 0x0800015f   Thumb Code     0  startup_gd32f10x_hd.o(.text)
    DMA0_Channel2_IRQHandler                 0x0800015f   Thumb Code     0  startup_gd32f10x_hd.o(.text)
    DMA0_Channel3_IRQHandler                 0x0800015f   Thumb Code     0  startup_gd32f10x_hd.o(.text)
    DMA0_Channel4_IRQHandler                 0x0800015f   Thumb Code     0  startup_gd32f10x_hd.o(.text)
    DMA0_Channel5_IRQHandler                 0x0800015f   Thumb Code     0  startup_gd32f10x_hd.o(.text)
    DMA0_Channel6_IRQHandler                 0x0800015f   Thumb Code     0  startup_gd32f10x_hd.o(.text)
    DMA1_Channel0_IRQHandler                 0x0800015f   Thumb Code     0  startup_gd32f10x_hd.o(.text)
    DMA1_Channel1_IRQHandler                 0x0800015f   Thumb Code     0  startup_gd32f10x_hd.o(.text)
    DMA1_Channel2_IRQHandler                 0x0800015f   Thumb Code     0  startup_gd32f10x_hd.o(.text)
    DMA1_Channel3_4_IRQHandler               0x0800015f   Thumb Code     0  startup_gd32f10x_hd.o(.text)
    EXMC_IRQHandler                          0x0800015f   Thumb Code     0  startup_gd32f10x_hd.o(.text)
    EXTI0_IRQHandler                         0x0800015f   Thumb Code     0  startup_gd32f10x_hd.o(.text)
    EXTI10_15_IRQHandler                     0x0800015f   Thumb Code     0  startup_gd32f10x_hd.o(.text)
    EXTI1_IRQHandler                         0x0800015f   Thumb Code     0  startup_gd32f10x_hd.o(.text)
    EXTI2_IRQHandler                         0x0800015f   Thumb Code     0  startup_gd32f10x_hd.o(.text)
    EXTI3_IRQHandler                         0x0800015f   Thumb Code     0  startup_gd32f10x_hd.o(.text)
    EXTI4_IRQHandler                         0x0800015f   Thumb Code     0  startup_gd32f10x_hd.o(.text)
    FMC_IRQHandler                           0x0800015f   Thumb Code     0  startup_gd32f10x_hd.o(.text)
    I2C0_ER_IRQHandler                       0x0800015f   Thumb Code     0  startup_gd32f10x_hd.o(.text)
    I2C0_EV_IRQHandler                       0x0800015f   Thumb Code     0  startup_gd32f10x_hd.o(.text)
    I2C1_ER_IRQHandler                       0x0800015f   Thumb Code     0  startup_gd32f10x_hd.o(.text)
    I2C1_EV_IRQHandler                       0x0800015f   Thumb Code     0  startup_gd32f10x_hd.o(.text)
    LVD_IRQHandler                           0x0800015f   Thumb Code     0  startup_gd32f10x_hd.o(.text)
    RCU_IRQHandler                           0x0800015f   Thumb Code     0  startup_gd32f10x_hd.o(.text)
    RTC_Alarm_IRQHandler                     0x0800015f   Thumb Code     0  startup_gd32f10x_hd.o(.text)
    RTC_IRQHandler                           0x0800015f   Thumb Code     0  startup_gd32f10x_hd.o(.text)
    SDIO_IRQHandler                          0x0800015f   Thumb Code     0  startup_gd32f10x_hd.o(.text)
    SPI0_IRQHandler                          0x0800015f   Thumb Code     0  startup_gd32f10x_hd.o(.text)
    SPI1_IRQHandler                          0x0800015f   Thumb Code     0  startup_gd32f10x_hd.o(.text)
    SPI2_IRQHandler                          0x0800015f   Thumb Code     0  startup_gd32f10x_hd.o(.text)
    TAMPER_IRQHandler                        0x0800015f   Thumb Code     0  startup_gd32f10x_hd.o(.text)
    TIMER0_BRK_IRQHandler                    0x0800015f   Thumb Code     0  startup_gd32f10x_hd.o(.text)
    TIMER0_Channel_IRQHandler                0x0800015f   Thumb Code     0  startup_gd32f10x_hd.o(.text)
    TIMER0_TRG_CMT_IRQHandler                0x0800015f   Thumb Code     0  startup_gd32f10x_hd.o(.text)
    TIMER0_UP_IRQHandler                     0x0800015f   Thumb Code     0  startup_gd32f10x_hd.o(.text)
    TIMER1_IRQHandler                        0x0800015f   Thumb Code     0  startup_gd32f10x_hd.o(.text)
    TIMER2_IRQHandler                        0x0800015f   Thumb Code     0  startup_gd32f10x_hd.o(.text)
    TIMER3_IRQHandler                        0x0800015f   Thumb Code     0  startup_gd32f10x_hd.o(.text)
    TIMER4_IRQHandler                        0x0800015f   Thumb Code     0  startup_gd32f10x_hd.o(.text)
    TIMER5_IRQHandler                        0x0800015f   Thumb Code     0  startup_gd32f10x_hd.o(.text)
    TIMER6_IRQHandler                        0x0800015f   Thumb Code     0  startup_gd32f10x_hd.o(.text)
    TIMER7_BRK_IRQHandler                    0x0800015f   Thumb Code     0  startup_gd32f10x_hd.o(.text)
    TIMER7_Channel_IRQHandler                0x0800015f   Thumb Code     0  startup_gd32f10x_hd.o(.text)
    TIMER7_TRG_CMT_IRQHandler                0x0800015f   Thumb Code     0  startup_gd32f10x_hd.o(.text)
    TIMER7_UP_IRQHandler                     0x0800015f   Thumb Code     0  startup_gd32f10x_hd.o(.text)
    UART3_IRQHandler                         0x0800015f   Thumb Code     0  startup_gd32f10x_hd.o(.text)
    UART4_IRQHandler                         0x0800015f   Thumb Code     0  startup_gd32f10x_hd.o(.text)
    USART0_IRQHandler                        0x0800015f   Thumb Code     0  startup_gd32f10x_hd.o(.text)
    USART1_IRQHandler                        0x0800015f   Thumb Code     0  startup_gd32f10x_hd.o(.text)
    USART2_IRQHandler                        0x0800015f   Thumb Code     0  startup_gd32f10x_hd.o(.text)
    USBD_HP_CAN0_TX_IRQHandler               0x0800015f   Thumb Code     0  startup_gd32f10x_hd.o(.text)
    USBD_WKUP_IRQHandler                     0x0800015f   Thumb Code     0  startup_gd32f10x_hd.o(.text)
    WWDGT_IRQHandler                         0x0800015f   Thumb Code     0  startup_gd32f10x_hd.o(.text)
    __aeabi_uidiv                            0x08000169   Thumb Code     0  uidiv.o(.text)
    __aeabi_uidivmod                         0x08000169   Thumb Code    44  uidiv.o(.text)
    __scatterload                            0x08000195   Thumb Code    28  init.o(.text)
    __scatterload_rt2                        0x08000195   Thumb Code     0  init.o(.text)
    BusFault_Handler                         0x080001b9   Thumb Code     2  gd32f10x_it.o(.text.BusFault_Handler)
    DebugMon_Handler                         0x080001bd   Thumb Code     2  gd32f10x_it.o(.text.DebugMon_Handler)
    EXTI5_9_IRQHandler                       0x080001c1   Thumb Code    32  keyboard.o(.text.EXTI5_9_IRQHandler)
    HardFault_Handler                        0x080001e1   Thumb Code     2  gd32f10x_it.o(.text.HardFault_Handler)
    I2C_Read_Byte                            0x080001e5   Thumb Code   220  keyboard.o(.text.I2C_Read_Byte)
    I2C_Write_Byte                           0x080002c1   Thumb Code   182  keyboard.o(.text.I2C_Write_Byte)
    Keyboard_init                            0x08000379   Thumb Code   148  keyboard.o(.text.Keyboard_init)
    LCD_Write                                0x0800040d   Thumb Code   322  lcd.o(.text.LCD_Write)
    LCD_Write_Rows                           0x08000551   Thumb Code    98  lcd.o(.text.LCD_Write_Rows)
    LCD_init                                 0x080005b5   Thumb Code   152  lcd.o(.text.LCD_init)
    MemManage_Handler                        0x0800064d   Thumb Code     2  gd32f10x_it.o(.text.MemManage_Handler)
    NMI_Handler                              0x08000651   Thumb Code     2  gd32f10x_it.o(.text.NMI_Handler)
    PendSV_Handler                           0x08000655   Thumb Code     2  gd32f10x_it.o(.text.PendSV_Handler)
    SVC_Handler                              0x0800074d   Thumb Code     2  gd32f10x_it.o(.text.SVC_Handler)
    SysTick_Handler                          0x08000751   Thumb Code    24  systick.o(.text.SysTick_Handler)
    SystemInit                               0x08000769   Thumb Code   406  system_gd32f10x.o(.text.SystemInit)
    USBD_LP_CAN0_RX0_IRQHandler              0x08000901   Thumb Code     8  gd32f10x_it.o(.text.USBD_LP_CAN0_RX0_IRQHandler)
    UsageFault_Handler                       0x08000909   Thumb Code     2  gd32f10x_it.o(.text.UsageFault_Handler)
    data_trans                               0x0800090d   Thumb Code   120  keyboard.o(.text.data_trans)
    delay_1ms                                0x08000985   Thumb Code    34  systick.o(.text.delay_1ms)
    delay_1us                                0x080009a9   Thumb Code    20  systick.o(.text.delay_1us)
    drv_fm1702Init                           0x080009bd   Thumb Code   162  fm1702.o(.text.drv_fm1702Init)
    drv_fm1702ItfClearReset                  0x08000a61   Thumb Code    18  spi_fm1702.o(.text.drv_fm1702ItfClearReset)
    drv_fm1702ItfGpioInit                    0x08000a75   Thumb Code     8  spi_fm1702.o(.text.drv_fm1702ItfGpioInit)
    drv_fm1702ItfReadByte                    0x08000a7d   Thumb Code   148  spi_fm1702.o(.text.drv_fm1702ItfReadByte)
    drv_fm1702ItfSetReset                    0x08000b11   Thumb Code    18  spi_fm1702.o(.text.drv_fm1702ItfSetReset)
    drv_fm1702ItfWriteByte                   0x08000b25   Thumb Code   150  spi_fm1702.o(.text.drv_fm1702ItfWriteByte)
    drv_spiInit                              0x08000bbd   Thumb Code   194  spi_fm1702.o(.text.drv_spiInit)
    eeprom_init                              0x08000c81   Thumb Code   116  at24cxx.o(.text.eeprom_init)
    exti_init                                0x08000cf5   Thumb Code   156  gd32f10x_exti.o(.text.exti_init)
    exti_interrupt_enable                    0x08000d91   Thumb Code    16  gd32f10x_exti.o(.text.exti_interrupt_enable)
    exti_interrupt_flag_clear                0x08000da1   Thumb Code    12  gd32f10x_exti.o(.text.exti_interrupt_flag_clear)
    exti_interrupt_flag_get                  0x08000dad   Thumb Code    18  gd32f10x_exti.o(.text.exti_interrupt_flag_get)
    fputc                                    0x08000dc1   Thumb Code    46  main.o(.text.fputc)
    gpio_bit_reset                           0x08000df1   Thumb Code     4  gd32f10x_gpio.o(.text.gpio_bit_reset)
    gpio_bit_set                             0x08000df5   Thumb Code     4  gd32f10x_gpio.o(.text.gpio_bit_set)
    gpio_exti_source_select                  0x08000df9   Thumb Code   132  gd32f10x_gpio.o(.text.gpio_exti_source_select)
    gpio_init                                0x08000e7d   Thumb Code   170  gd32f10x_gpio.o(.text.gpio_init)
    gpio_input_bit_get                       0x08000f29   Thumb Code    10  gd32f10x_gpio.o(.text.gpio_input_bit_get)
    i2c_ack_config                           0x08000f35   Thumb Code    12  gd32f10x_i2c.o(.text.i2c_ack_config)
    i2c_clock_config                         0x08000f41   Thumb Code   220  gd32f10x_i2c.o(.text.i2c_clock_config)
    i2c_enable                               0x0800101d   Thumb Code    10  gd32f10x_i2c.o(.text.i2c_enable)
    i2c_mode_addr_config                     0x08001029   Thumb Code    26  gd32f10x_i2c.o(.text.i2c_mode_addr_config)
    init_rounites                            0x08001045   Thumb Code   144  main.o(.text.init_rounites)
    keyboard_interrupt_delegate              0x080010d5   Thumb Code   172  main.o(.text.keyboard_interrupt_delegate)
    main                                     0x08001181   Thumb Code    48  main.o(.text.main)
    nvic_irq_enable                          0x080011d9   Thumb Code   100  gd32f10x_misc.o(.text.nvic_irq_enable)
    nvic_priority_group_set                  0x0800123d   Thumb Code    20  gd32f10x_misc.o(.text.nvic_priority_group_set)
    nvic_vector_table_set                    0x08001251   Thumb Code    28  gd32f10x_misc.o(.text.nvic_vector_table_set)
    rcu_clock_freq_get                       0x0800126d   Thumb Code   160  gd32f10x_rcu.o(.text.rcu_clock_freq_get)
    rcu_periph_clock_enable                  0x0800131d   Thumb Code    30  gd32f10x_rcu.o(.text.rcu_periph_clock_enable)
    rcu_periph_reset_disable                 0x0800133d   Thumb Code    32  gd32f10x_rcu.o(.text.rcu_periph_reset_disable)
    rcu_periph_reset_enable                  0x0800135d   Thumb Code    30  gd32f10x_rcu.o(.text.rcu_periph_reset_enable)
    spi_enable                               0x0800137d   Thumb Code    10  gd32f10x_spi.o(.text.spi_enable)
    spi_i2s_data_receive                     0x08001389   Thumb Code     6  gd32f10x_spi.o(.text.spi_i2s_data_receive)
    spi_i2s_data_transmit                    0x08001391   Thumb Code     4  gd32f10x_spi.o(.text.spi_i2s_data_transmit)
    spi_i2s_deinit                           0x08001395   Thumb Code    70  gd32f10x_spi.o(.text.spi_i2s_deinit)
    spi_i2s_flag_get                         0x080013dd   Thumb Code    10  gd32f10x_spi.o(.text.spi_i2s_flag_get)
    spi_init                                 0x080013e9   Thumb Code    52  gd32f10x_spi.o(.text.spi_init)
    systick_config                           0x0800141d   Thumb Code    70  systick.o(.text.systick_config)
    usbd_ep_send                             0x08001465   Thumb Code    60  usbd_core.o(.text.usbd_ep_send)
    usbd_isr                                 0x080014a1   Thumb Code   478  usbd_lld_int.o(.text.usbd_isr)
    __0printf$1                              0x08001681   Thumb Code    22  printf1.o(i.__0printf$1)
    __1printf$1                              0x08001681   Thumb Code     0  printf1.o(i.__0printf$1)
    __2printf                                0x08001681   Thumb Code     0  printf1.o(i.__0printf$1)
    __scatterload_copy                       0x080016a1   Thumb Code    14  handlers.o(i.__scatterload_copy)
    __scatterload_null                       0x080016af   Thumb Code     2  handlers.o(i.__scatterload_null)
    __scatterload_zeroinit                   0x080016b1   Thumb Code    14  handlers.o(i.__scatterload_zeroinit)
    puts                                     0x08001815   Thumb Code    30  puts.o(i.puts)
    Region$$Table$$Base                      0x08001880   Number         0  anon$$obj.o(Region$$Table)
    Region$$Table$$Limit                     0x080018a0   Number         0  anon$$obj.o(Region$$Table)
    SystemCoreClock                          0x20000000   Data           4  system_gd32f10x.o(.data.SystemCoreClock)
    __stdout                                 0x20000008   Data          84  main.o(.bss.__stdout)
    eeprom_address                           0x2000005c   Data           2  at24cxx.o(.bss.eeprom_address)
    usbd_core                                0x20000064   Data           8  usbd_lld_core.o(.bss.usbd_core)
    usbd_int_fops                            0x2000006c   Data           4  usbd_core.o(.bss.usbd_int_fops)
    __initial_sp                             0x20000470   Data           0  startup_gd32f10x_hd.o(STACK)



==============================================================================

Memory Map of the image

  Image Entry point : 0x08000131

  Load Region LR_IROM1 (Base: 0x08000000, Size: 0x000018a8, Max: 0x00040000, ABSOLUTE)

    Execution Region ER_IROM1 (Exec base: 0x08000000, Load base: 0x08000000, Size: 0x000018a0, Max: 0x00040000, ABSOLUTE)

    Exec Addr    Load Addr    Size         Type   Attr      Idx    E Section Name        Object

    0x08000000   0x08000000   0x00000130   Data   RO         1283    RESET               startup_gd32f10x_hd.o
    0x08000130   0x08000130   0x00000000   Code   RO         1426  * .ARM.Collect$$$$00000000  mc_w.l(entry.o)
    0x08000130   0x08000130   0x00000004   Code   RO         1562    .ARM.Collect$$$$00000001  mc_w.l(entry2.o)
    0x08000134   0x08000134   0x00000004   Code   RO         1565    .ARM.Collect$$$$00000004  mc_w.l(entry5.o)
    0x08000138   0x08000138   0x00000000   Code   RO         1567    .ARM.Collect$$$$00000008  mc_w.l(entry7b.o)
    0x08000138   0x08000138   0x00000000   Code   RO         1569    .ARM.Collect$$$$0000000A  mc_w.l(entry8b.o)
    0x08000138   0x08000138   0x00000008   Code   RO         1570    .ARM.Collect$$$$0000000B  mc_w.l(entry9a.o)
    0x08000140   0x08000140   0x00000000   Code   RO         1572    .ARM.Collect$$$$0000000D  mc_w.l(entry10a.o)
    0x08000140   0x08000140   0x00000000   Code   RO         1574    .ARM.Collect$$$$0000000F  mc_w.l(entry11a.o)
    0x08000140   0x08000140   0x00000004   Code   RO         1563    .ARM.Collect$$$$00002712  mc_w.l(entry2.o)
    0x08000144   0x08000144   0x00000024   Code   RO         1284    .text               startup_gd32f10x_hd.o
    0x08000168   0x08000168   0x0000002c   Code   RO         1581    .text               mc_w.l(uidiv.o)
    0x08000194   0x08000194   0x00000024   Code   RO         1589    .text               mc_w.l(init.o)
    0x080001b8   0x080001b8   0x00000002   Code   RO            8    .text.BusFault_Handler  gd32f10x_it.o
    0x080001ba   0x080001ba   0x00000002   PAD
    0x080001bc   0x080001bc   0x00000002   Code   RO           14    .text.DebugMon_Handler  gd32f10x_it.o
    0x080001be   0x080001be   0x00000002   PAD
    0x080001c0   0x080001c0   0x00000020   Code   RO         1311    .text.EXTI5_9_IRQHandler  keyboard.o
    0x080001e0   0x080001e0   0x00000002   Code   RO            4    .text.HardFault_Handler  gd32f10x_it.o
    0x080001e2   0x080001e2   0x00000002   PAD
    0x080001e4   0x080001e4   0x000000dc   Code   RO         1317    .text.I2C_Read_Byte  keyboard.o
    0x080002c0   0x080002c0   0x000000b6   Code   RO         1305    .text.I2C_Write_Byte  keyboard.o
    0x08000376   0x08000376   0x00000002   PAD
    0x08000378   0x08000378   0x00000094   Code   RO         1315    .text.Keyboard_init  keyboard.o
    0x0800040c   0x0800040c   0x00000142   Code   RO         1290    .text.LCD_Write     lcd.o
    0x0800054e   0x0800054e   0x00000002   PAD
    0x08000550   0x08000550   0x00000062   Code   RO         1296    .text.LCD_Write_Rows  lcd.o
    0x080005b2   0x080005b2   0x00000002   PAD
    0x080005b4   0x080005b4   0x00000098   Code   RO         1294    .text.LCD_init      lcd.o
    0x0800064c   0x0800064c   0x00000002   Code   RO            6    .text.MemManage_Handler  gd32f10x_it.o
    0x0800064e   0x0800064e   0x00000002   PAD
    0x08000650   0x08000650   0x00000002   Code   RO            2    .text.NMI_Handler   gd32f10x_it.o
    0x08000652   0x08000652   0x00000002   PAD
    0x08000654   0x08000654   0x00000002   Code   RO           16    .text.PendSV_Handler  gd32f10x_it.o
    0x08000656   0x08000656   0x00000002   PAD
    0x08000658   0x08000658   0x000000f4   Code   RO         1288    .text.ST7920_SendCmd  lcd.o
    0x0800074c   0x0800074c   0x00000002   Code   RO           12    .text.SVC_Handler   gd32f10x_it.o
    0x0800074e   0x0800074e   0x00000002   PAD
    0x08000750   0x08000750   0x00000018   Code   RO         1417    .text.SysTick_Handler  systick.o
    0x08000768   0x08000768   0x00000196   Code   RO          180    .text.SystemInit    system_gd32f10x.o
    0x080008fe   0x080008fe   0x00000002   PAD
    0x08000900   0x08000900   0x00000008   Code   RO           18    .text.USBD_LP_CAN0_RX0_IRQHandler  gd32f10x_it.o
    0x08000908   0x08000908   0x00000002   Code   RO           10    .text.UsageFault_Handler  gd32f10x_it.o
    0x0800090a   0x0800090a   0x00000002   PAD
    0x0800090c   0x0800090c   0x00000078   Code   RO         1327    .text.data_trans    keyboard.o
    0x08000984   0x08000984   0x00000022   Code   RO         1423    .text.delay_1ms     systick.o
    0x080009a6   0x080009a6   0x00000002   PAD
    0x080009a8   0x080009a8   0x00000014   Code   RO         1421    .text.delay_1us     systick.o
    0x080009bc   0x080009bc   0x000000a2   Code   RO         1334    .text.drv_fm1702Init  fm1702.o
    0x08000a5e   0x08000a5e   0x00000002   PAD
    0x08000a60   0x08000a60   0x00000012   Code   RO         1369    .text.drv_fm1702ItfClearReset  spi_fm1702.o
    0x08000a72   0x08000a72   0x00000002   PAD
    0x08000a74   0x08000a74   0x00000008   Code   RO         1367    .text.drv_fm1702ItfGpioInit  spi_fm1702.o
    0x08000a7c   0x08000a7c   0x00000094   Code   RO         1377    .text.drv_fm1702ItfReadByte  spi_fm1702.o
    0x08000b10   0x08000b10   0x00000012   Code   RO         1371    .text.drv_fm1702ItfSetReset  spi_fm1702.o
    0x08000b22   0x08000b22   0x00000002   PAD
    0x08000b24   0x08000b24   0x00000096   Code   RO         1381    .text.drv_fm1702ItfWriteByte  spi_fm1702.o
    0x08000bba   0x08000bba   0x00000002   PAD
    0x08000bbc   0x08000bbc   0x000000c2   Code   RO         1365    .text.drv_spiInit   spi_fm1702.o
    0x08000c7e   0x08000c7e   0x00000002   PAD
    0x08000c80   0x08000c80   0x00000074   Code   RO         1392    .text.eeprom_init   at24cxx.o
    0x08000cf4   0x08000cf4   0x0000009c   Code   RO          531    .text.exti_init     gd32f10x_exti.o
    0x08000d90   0x08000d90   0x00000010   Code   RO          533    .text.exti_interrupt_enable  gd32f10x_exti.o
    0x08000da0   0x08000da0   0x0000000c   Code   RO          547    .text.exti_interrupt_flag_clear  gd32f10x_exti.o
    0x08000dac   0x08000dac   0x00000012   Code   RO          545    .text.exti_interrupt_flag_get  gd32f10x_exti.o
    0x08000dbe   0x08000dbe   0x00000002   PAD
    0x08000dc0   0x08000dc0   0x0000002e   Code   RO           22    .text.fputc         main.o
    0x08000dee   0x08000dee   0x00000002   PAD
    0x08000df0   0x08000df0   0x00000004   Code   RO          648    .text.gpio_bit_reset  gd32f10x_gpio.o
    0x08000df4   0x08000df4   0x00000004   Code   RO          646    .text.gpio_bit_set  gd32f10x_gpio.o
    0x08000df8   0x08000df8   0x00000084   Code   RO          664    .text.gpio_exti_source_select  gd32f10x_gpio.o
    0x08000e7c   0x08000e7c   0x000000aa   Code   RO          644    .text.gpio_init     gd32f10x_gpio.o
    0x08000f26   0x08000f26   0x00000002   PAD
    0x08000f28   0x08000f28   0x0000000a   Code   RO          654    .text.gpio_input_bit_get  gd32f10x_gpio.o
    0x08000f32   0x08000f32   0x00000002   PAD
    0x08000f34   0x08000f34   0x0000000c   Code   RO          683    .text.i2c_ack_config  gd32f10x_i2c.o
    0x08000f40   0x08000f40   0x000000dc   Code   RO          677    .text.i2c_clock_config  gd32f10x_i2c.o
    0x0800101c   0x0800101c   0x0000000a   Code   RO          693    .text.i2c_enable    gd32f10x_i2c.o
    0x08001026   0x08001026   0x00000002   PAD
    0x08001028   0x08001028   0x0000001a   Code   RO          679    .text.i2c_mode_addr_config  gd32f10x_i2c.o
    0x08001042   0x08001042   0x00000002   PAD
    0x08001044   0x08001044   0x00000090   Code   RO           36    .text.init_rounites  main.o
    0x080010d4   0x080010d4   0x000000ac   Code   RO           48    .text.keyboard_interrupt_delegate  main.o
    0x08001180   0x08001180   0x00000058   Code   RO           38    .text.main          main.o
    0x080011d8   0x080011d8   0x00000064   Code   RO          740    .text.nvic_irq_enable  gd32f10x_misc.o
    0x0800123c   0x0800123c   0x00000014   Code   RO          738    .text.nvic_priority_group_set  gd32f10x_misc.o
    0x08001250   0x08001250   0x0000001c   Code   RO          744    .text.nvic_vector_table_set  gd32f10x_misc.o
    0x0800126c   0x0800126c   0x000000b0   Code   RO          852    .text.rcu_clock_freq_get  gd32f10x_rcu.o
    0x0800131c   0x0800131c   0x0000001e   Code   RO          786    .text.rcu_periph_clock_enable  gd32f10x_rcu.o
    0x0800133a   0x0800133a   0x00000002   PAD
    0x0800133c   0x0800133c   0x00000020   Code   RO          796    .text.rcu_periph_reset_disable  gd32f10x_rcu.o
    0x0800135c   0x0800135c   0x0000001e   Code   RO          794    .text.rcu_periph_reset_enable  gd32f10x_rcu.o
    0x0800137a   0x0800137a   0x00000002   PAD
    0x0800137c   0x0800137c   0x0000000a   Code   RO          986    .text.spi_enable    gd32f10x_spi.o
    0x08001386   0x08001386   0x00000002   PAD
    0x08001388   0x08001388   0x00000006   Code   RO         1016    .text.spi_i2s_data_receive  gd32f10x_spi.o
    0x0800138e   0x0800138e   0x00000002   PAD
    0x08001390   0x08001390   0x00000004   Code   RO         1014    .text.spi_i2s_data_transmit  gd32f10x_spi.o
    0x08001394   0x08001394   0x00000046   Code   RO          980    .text.spi_i2s_deinit  gd32f10x_spi.o
    0x080013da   0x080013da   0x00000002   PAD
    0x080013dc   0x080013dc   0x0000000a   Code   RO         1030    .text.spi_i2s_flag_get  gd32f10x_spi.o
    0x080013e6   0x080013e6   0x00000002   PAD
    0x080013e8   0x080013e8   0x00000034   Code   RO          984    .text.spi_init      gd32f10x_spi.o
    0x0800141c   0x0800141c   0x00000046   Code   RO         1419    .text.systick_config  systick.o
    0x08001462   0x08001462   0x00000002   PAD
    0x08001464   0x08001464   0x0000003c   Code   RO          102    .text.usbd_ep_send  usbd_core.o
    0x080014a0   0x080014a0   0x000001de   Code   RO           95    .text.usbd_isr      usbd_lld_int.o
    0x0800167e   0x0800167e   0x00000002   PAD
    0x08001680   0x08001680   0x00000020   Code   RO         1454    i.__0printf$1       mc_w.l(printf1.o)
    0x080016a0   0x080016a0   0x0000000e   Code   RO         1596    i.__scatterload_copy  mc_w.l(handlers.o)
    0x080016ae   0x080016ae   0x00000002   Code   RO         1597    i.__scatterload_null  mc_w.l(handlers.o)
    0x080016b0   0x080016b0   0x0000000e   Code   RO         1598    i.__scatterload_zeroinit  mc_w.l(handlers.o)
    0x080016be   0x080016be   0x00000002   PAD
    0x080016c0   0x080016c0   0x00000154   Code   RO         1461    i._printf_core      mc_w.l(printf1.o)
    0x08001814   0x08001814   0x00000024   Code   RO         1429    i.puts              mc_w.l(puts.o)
    0x08001838   0x08001838   0x00000008   Data   RO          854    .rodata.cst8        gd32f10x_rcu.o
    0x08001840   0x08001840   0x0000002c   Data   RO           50    .rodata.str1.1      main.o
    0x0800186c   0x0800186c   0x00000013   Data   RO         1298    .rodata.str1.1      lcd.o
    0x0800187f   0x0800187f   0x00000001   PAD
    0x08001880   0x08001880   0x00000020   Data   RO         1595    Region$$Table       anon$$obj.o


    Execution Region RW_IRAM1 (Exec base: 0x20000000, Load base: 0x080018a0, Size: 0x00000470, Max: 0x0000c000, ABSOLUTE)

    Exec Addr    Load Addr    Size         Type   Attr      Idx    E Section Name        Object

    0x20000000   0x080018a0   0x00000004   Data   RW          182    .data.SystemCoreClock  system_gd32f10x.o
    0x20000004   0x080018a4   0x00000004   PAD
    0x20000008        -       0x00000054   Zero   RW           51    .bss.__stdout       main.o
    0x2000005c        -       0x00000002   Zero   RW         1406    .bss.eeprom_address  at24cxx.o
    0x2000005e   0x080018a4   0x00000002   PAD
    0x20000060        -       0x00000004   Zero   RW         1425    .bss.usTicks        systick.o
    0x20000064        -       0x00000008   Zero   RW           91    .bss.usbd_core      usbd_lld_core.o
    0x2000006c        -       0x00000004   Zero   RW          104    .bss.usbd_int_fops  usbd_core.o
    0x20000070        -       0x00000400   Zero   RW         1281    STACK               startup_gd32f10x_hd.o


==============================================================================

Image component sizes


      Code (inc. data)   RO Data    RW Data    ZI Data      Debug   Object Name

       116          0          0          0          2          0   at24cxx.o
       162          0          0          0          0          0   fm1702.o
       202          0          0          0          0          0   gd32f10x_exti.o
       320          0          0          0          0          0   gd32f10x_gpio.o
       268          0          0          0          0          0   gd32f10x_i2c.o
        24          0          0          0          0          0   gd32f10x_it.o
       148          0          0          0          0          0   gd32f10x_misc.o
       268         20          8          0          0          0   gd32f10x_rcu.o
       152          0          0          0          0          0   gd32f10x_spi.o
       702          0          0          0          0          0   keyboard.o
       816          0         19          0          0          0   lcd.o
       450         68         44          0         84          0   main.o
       536          0          0          0          0          0   spi_fm1702.o
        36          8        304          0       1024          0   startup_gd32f10x_hd.o
       406          0          0          4          0          0   system_gd32f10x.o
       148          0          0          0          4          0   systick.o
        60          0          0          0          4          0   usbd_core.o
         0          0          0          0          8          0   usbd_lld_core.o
       478          0          0          0          0          0   usbd_lld_int.o

    ----------------------------------------------------------------------
      5356         96        408          4       1132          0   Object Totals
         0          0         32          0          0          0   (incl. Generated)
        64          0          1          0          6          0   (incl. Padding)

    ----------------------------------------------------------------------

      Code (inc. data)   RO Data    RW Data    ZI Data      Debug   Library Member Name

         0          0          0          0          0          0   entry.o
         0          0          0          0          0          0   entry10a.o
         0          0          0          0          0          0   entry11a.o
         8          4          0          0          0          0   entry2.o
         4          0          0          0          0          0   entry5.o
         0          0          0          0          0          0   entry7b.o
         0          0          0          0          0          0   entry8b.o
         8          4          0          0          0          0   entry9a.o
        30          0          0          0          0          0   handlers.o
        36          8          0          0          0          0   init.o
       372         14          0          0          0          0   printf1.o
        36          6          0          0          0          0   puts.o
        44          0          0          0          0          0   uidiv.o

    ----------------------------------------------------------------------
       540         36          0          0          0          0   Library Totals
         2          0          0          0          0          0   (incl. Padding)

    ----------------------------------------------------------------------

      Code (inc. data)   RO Data    RW Data    ZI Data      Debug   Library Name

       538         36          0          0          0          0   mc_w.l

    ----------------------------------------------------------------------
       540         36          0          0          0          0   Library Totals

    ----------------------------------------------------------------------

==============================================================================


      Code (inc. data)   RO Data    RW Data    ZI Data      Debug   

      5896        132        408          4       1132          0   Grand Totals
      5896        132        408          4       1132          0   ELF Image Totals
      5896        132        408          4          0          0   ROM Totals

==============================================================================

    Total RO  Size (Code + RO Data)                 6304 (   6.16kB)
    Total RW  Size (RW Data + ZI Data)              1136 (   1.11kB)
    Total ROM Size (Code + RO Data + RW Data)       6308 (   6.16kB)

==============================================================================

